Archive member included to satisfy reference by file (symbol)

/opt/devkitpro/devkitARM/bin/../lib/gcc/arm-none-eabi/15.1.0/thumb/libgcc.a(_aeabi_ldivmod.o)
                              bn_hw_text.o (__aeabi_ldivmod)
/opt/devkitpro/devkitARM/bin/../lib/gcc/arm-none-eabi/15.1.0/thumb/libgcc.a(_aeabi_uldivmod.o)
                              bn_hw_text.o (__aeabi_uldivmod)
/opt/devkitpro/devkitARM/bin/../lib/gcc/arm-none-eabi/15.1.0/thumb/libgcc.a(_sync_none.o)
                              (__sync_synchronize_none)
/opt/devkitpro/devkitARM/bin/../lib/gcc/arm-none-eabi/15.1.0/thumb/libgcc.a(_udivmoddi4.o)
                              /opt/devkitpro/devkitARM/bin/../lib/gcc/arm-none-eabi/15.1.0/thumb/libgcc.a(_aeabi_ldivmod.o) (__udivmoddi4)

Discarded input sections

 .text          0x00000000        0x0 /opt/devkitpro/devkitARM/bin/../lib/gcc/arm-none-eabi/15.1.0/../../../../arm-none-eabi/lib/thumb/gba_crt0.o
 .data          0x00000000        0x0 /opt/devkitpro/devkitARM/bin/../lib/gcc/arm-none-eabi/15.1.0/../../../../arm-none-eabi/lib/thumb/gba_crt0.o
 .bss           0x00000000        0x0 /opt/devkitpro/devkitARM/bin/../lib/gcc/arm-none-eabi/15.1.0/../../../../arm-none-eabi/lib/thumb/gba_crt0.o
 .text          0x00000000        0x0 /opt/devkitpro/devkitARM/bin/../lib/gcc/arm-none-eabi/15.1.0/thumb/crti.o
 .data          0x00000000        0x0 /opt/devkitpro/devkitARM/bin/../lib/gcc/arm-none-eabi/15.1.0/thumb/crti.o
 .bss           0x00000000        0x0 /opt/devkitpro/devkitARM/bin/../lib/gcc/arm-none-eabi/15.1.0/thumb/crti.o
 .text          0x00000000        0x0 /opt/devkitpro/devkitARM/bin/../lib/gcc/arm-none-eabi/15.1.0/thumb/crtbegin.o
 .data          0x00000000        0x0 /opt/devkitpro/devkitARM/bin/../lib/gcc/arm-none-eabi/15.1.0/thumb/crtbegin.o
 .bss           0x00000000        0x0 /opt/devkitpro/devkitARM/bin/../lib/gcc/arm-none-eabi/15.1.0/thumb/crtbegin.o
 .rodata.all_implied_fbits
                0x00000000       0x24 /opt/devkitpro/devkitARM/bin/../lib/gcc/arm-none-eabi/15.1.0/thumb/crtbegin.o
 .data.__dso_handle
                0x00000000        0x4 /opt/devkitpro/devkitARM/bin/../lib/gcc/arm-none-eabi/15.1.0/thumb/crtbegin.o
 .text          0x00000000        0x0 bn_audio_soundbank.bin.o
 .data          0x00000000        0x0 bn_audio_soundbank.bin.o
 .bss           0x00000000        0x0 bn_audio_soundbank.bin.o
 .text          0x00000000        0x0 card_sheet_1_bn_gfx.o
 .data          0x00000000        0x0 card_sheet_1_bn_gfx.o
 .bss           0x00000000        0x0 card_sheet_1_bn_gfx.o
 .text          0x00000000        0x0 card_sheet_2_bn_gfx.o
 .data          0x00000000        0x0 card_sheet_2_bn_gfx.o
 .bss           0x00000000        0x0 card_sheet_2_bn_gfx.o
 .text          0x00000000        0x0 card_sheet_3_bn_gfx.o
 .data          0x00000000        0x0 card_sheet_3_bn_gfx.o
 .bss           0x00000000        0x0 card_sheet_3_bn_gfx.o
 .text          0x00000000        0x0 energy_sheet_1_bn_gfx.o
 .data          0x00000000        0x0 energy_sheet_1_bn_gfx.o
 .bss           0x00000000        0x0 energy_sheet_1_bn_gfx.o
 .text          0x00000000        0x0 energy_sheet_2_bn_gfx.o
 .data          0x00000000        0x0 energy_sheet_2_bn_gfx.o
 .bss           0x00000000        0x0 energy_sheet_2_bn_gfx.o
 .text          0x00000000        0x0 energy_sheet_3_bn_gfx.o
 .data          0x00000000        0x0 energy_sheet_3_bn_gfx.o
 .bss           0x00000000        0x0 energy_sheet_3_bn_gfx.o
 .rodata        0x00000000      0x220 energy_sheet_3_bn_gfx.o
 .text          0x00000000        0x0 main_bg_bn_gfx.o
 .data          0x00000000        0x0 main_bg_bn_gfx.o
 .bss           0x00000000        0x0 main_bg_bn_gfx.o
 .text          0x00000000        0x0 menu_style_0_bn_gfx.o
 .data          0x00000000        0x0 menu_style_0_bn_gfx.o
 .bss           0x00000000        0x0 menu_style_0_bn_gfx.o
 .text          0x00000000        0x0 butano_splash_bn_gfx.o
 .data          0x00000000        0x0 butano_splash_bn_gfx.o
 .bss           0x00000000        0x0 butano_splash_bn_gfx.o
 .text          0x00000000        0x0 health_and_safety_splash_bn_gfx.o
 .data          0x00000000        0x0 health_and_safety_splash_bn_gfx.o
 .bss           0x00000000        0x0 health_and_safety_splash_bn_gfx.o
 .text          0x00000000        0x0 health_and_safety_text_0_bn_gfx.o
 .data          0x00000000        0x0 health_and_safety_text_0_bn_gfx.o
 .bss           0x00000000        0x0 health_and_safety_text_0_bn_gfx.o
 .text          0x00000000        0x0 health_and_safety_text_1_bn_gfx.o
 .data          0x00000000        0x0 health_and_safety_text_1_bn_gfx.o
 .bss           0x00000000        0x0 health_and_safety_text_1_bn_gfx.o
 .text          0x00000000        0x0 health_and_safety_text_2_bn_gfx.o
 .data          0x00000000        0x0 health_and_safety_text_2_bn_gfx.o
 .bss           0x00000000        0x0 health_and_safety_text_2_bn_gfx.o
 .text          0x00000000        0x0 health_and_safety_text_3_bn_gfx.o
[...]
Memory Configuration

Name             Origin             Length             Attributes
rom              0x08000000         0x02000000
iwram            0x03000000         0x00008000
ewram            0x02000000         0x00040000
*default*        0x00000000         0xffffffff

Linker script and memory map

                0x00000000                        __sync_synchronize = __sync_synchronize_none
                0x08000000                        __text_start = ORIGIN (rom)
                0x02040000                        __eheap_end = (ORIGIN (ewram) + LENGTH (ewram))
                0x03000000                        __iwram_start = ORIGIN (iwram)
                0x03008000                        __iwram_top = (ORIGIN (iwram) + LENGTH (iwram))
                0x03007fa0                        __sp_irq = (__iwram_top - 0x60)
                0x03007f00                        __sp_usr = (__sp_irq - 0xa0)
                0x03007ff8                        __irq_flags = 0x3007ff8
                0x08000000                        . = __text_start

.crt0           0x08000000      0x210
 *(.crt0)
 .crt0          0x08000000      0x210 /opt/devkitpro/devkitARM/bin/../lib/gcc/arm-none-eabi/15.1.0/../../../../arm-none-eabi/lib/thumb/gba_crt0.o
                0x08000000                _start
                0x080000c4                __boot_method
                0x080000c5                __slave_number
                0x080000e0                start_vector
                0x08000210                        . = ALIGN (0x4)

.init           0x08000210        0xc
 *(SORT_NONE(.init))
 .init          0x08000210        0x4 /opt/devkitpro/devkitARM/bin/../lib/gcc/arm-none-eabi/15.1.0/thumb/crti.o
                0x08000210                _init
 .init          0x08000214        0x8 /opt/devkitpro/devkitARM/bin/../lib/gcc/arm-none-eabi/15.1.0/thumb/crtn.o

.plt            0x0800021c        0x0
 *(.plt)
                0x0800021c                        . = ALIGN (0x4)

.text           0x08000220    0x19ba0
 *(EXCLUDE_FILE(*.iwram*) .text*)
 .text.__do_global_dtors_aux
                0x08000220       0x2c /opt/devkitpro/devkitARM/bin/../lib/gcc/arm-none-eabi/15.1.0/thumb/crtbegin.o
 .text.frame_dummy
                0x0800024c       0x24 /opt/devkitpro/devkitARM/bin/../lib/gcc/arm-none-eabi/15.1.0/thumb/crtbegin.o
 .text._ZN3_bn6assert9show_argsIJA16_ciA4_ciEEEvPKcS5_S5_iDpRKT_
                0x08000270       0x64 intro.o
                0x08000270                void _bn::assert::show_args<char [16], int, char [4], int>(char const*, char const*, char const*, int, char const (&) [16], int const&, char const (&) [4], int const&)
 .text._ZN5Intro12_update_holdEv
                0x080002d4       0xc8 intro.o
                0x080002d4                Intro::_update_hold()
 .text._ZN5Intro15_update_fade_inEv
                0x0800039c       0xb8 intro.o
                0x0800039c                Intro::_update_fade_in()
 .text._ZN3_bn6assert9show_argsIA22_cEEvPKcS4_S4_iRKT_
                0x08000454       0x48 intro.o
                0x08000454                void _bn::assert::show_args<char [22]>(char const*, char const*, char const*, int, char const (&) [22])
 .text._ZN5Intro20_load_current_splashEv
                0x0800049c      0x130 intro.o
                0x0800049c                Intro::_load_current_splash()
 .text._ZN5Intro16_update_fade_outEv
                0x080005cc       0xd4 intro.o
                0x080005cc                Intro::_update_fade_out()
 .text._ZN5Intro6updateEv
                0x080006a0       0x64 intro.o
                0x080006a0                Intro::update()
 .text._ZN3_bn6assert9show_argsIA15_cEEvPKcS4_S4_iRKT_
                0x08000704       0x48 intro.o
                0x08000704                void _bn::assert::show_args<char [15]>(char const*, char const*, char const*, int, char const (&) [15])
 .text._ZN5IntroC2Eb
                0x0800074c      0x1f8 intro.o
                0x0800074c                Intro::Intro(bool)
                0x0800074c                Intro::Intro(bool)
 .text._ZN11TitlescreenD2Ev
                0x08000944       0xdc main.o
                0x08000944                Titlescreen::~Titlescreen()
                0x08000944                Titlescreen::~Titlescreen()
 .text.startup.main
                0x08000a20      0x12c main.o
                0x08000a20                main
 .text._ZN3_bn6assert9show_argsIJA19_ciA4_ciEEEvPKcS5_S5_iDpRKT_
                0x08000b4c       0x64 main_menu.o
                0x08000b4c                void _bn::assert::show_args<char [19], int, char [4], int>(char const*, char const*, char const*, int, char const (&) [19], int const&, char const (&) [4], int const&)
 .text._ZN8MainMenu11_build_textEv
                0x08000bb0      0x120 main_menu.o
                0x08000bb0                MainMenu::_build_text()
 .text._ZN8MainMenu17_update_selectionEv.part.0
                0x08000cd0       0x90 main_menu.o
 .text._ZN8MainMenu6updateEv
                0x08000d60       0xd0 main_menu.o
                0x08000d60                MainMenu::update()
 .text._ZN8MainMenu14_build_entriesEbb
                0x08000e30      0x118 main_menu.o
                0x08000e30                MainMenu::_build_entries(bool, bool)
 .text._ZN8MainMenuC2Ev
                0x08000f48      0x1e8 main_menu.o
                0x08000f48                MainMenu::MainMenu()
                0x08000f48                MainMenu::MainMenu()
 .text._ZN3_bn6assert9show_argsIA16_ciEEvPKcS4_S4_iRKT_RKT0_
                0x08001130       0x54 menu_builder.o
                0x08001130                void _bn::assert::show_args<char [16], int>(char const*, char const*, char const*, int, char const (&) [16], int const&)
 .text._ZN3_bn6assert9show_argsIA17_ciEEvPKcS4_S4_iRKT_RKT0_
                0x08001184       0x54 menu_builder.o
                0x08001184                void _bn::assert::show_args<char [17], int>(char const*, char const*, char const*, int, char const (&) [17], int const&)
 .text._ZN11MenuBuilder7MapDataC2Ev
                0x080011d8       0x38 menu_builder.o
                0x080011d8                MenuBuilder::MapData::MapData()
                0x080011d8                MenuBuilder::MapData::MapData()
 .text._ZN11MenuBuilderC2ERKN2bn21regular_bg_tiles_itemERKNS0_15bg_palette_itemE
                0x08001210       0x3c menu_builder.o
                0x08001210                MenuBuilder::MenuBuilder(bn::regular_bg_tiles_item const&, bn::bg_palette_item const&)
                0x08001210                MenuBuilder::MenuBuilder(bn::regular_bg_tiles_item const&, bn::bg_palette_item const&)
 .text._ZN3_bn6assert9show_argsIA21_ciEEvPKcS4_S4_iRKT_RKT0_
                0x0800124c       0x54 menu_builder.o
                0x0800124c                void _bn::assert::show_args<char [21], int>(char const*, char const*, char const*, int, char const (&) [21], int const&)
 .text._ZN3_bn6assert9show_argsIA30_cEEvPKcS4_S4_iRKT_
                0x080012a0       0x48 menu_builder.o
                0x080012a0                void _bn::assert::show_args<char [30]>(char const*, char const*, char const*, int, char const (&) [30])
 .text._ZN11MenuBuilder9_set_cellEiii
                0x080012e8      0x12c menu_builder.o
                0x080012e8                MenuBuilder::_set_cell(int, int, int)
 .text._ZN11MenuBuilder4drawEiiii
                0x08001414       0xe4 menu_builder.o
                0x08001414                MenuBuilder::draw(int, int, int, int)
 .text._ZN3_bn6assert9show_argsIA36_cEEvPKcS4_S4_iRKT_
                0x080014f8       0x48 menu_builder.o
                0x080014f8                void _bn::assert::show_args<char [36]>(char const*, char const*, char const*, int, char const (&) [36])
 .text._ZN11MenuBuilder9create_bgEv
                0x08001540       0xcc menu_builder.o
                0x08001540                MenuBuilder::create_bg()
 .text._ZN11SaveManagerC2Ev
                0x0800160c       0x20 save_manager.o
                0x0800160c                SaveManager::SaveManager()
                0x0800160c                SaveManager::SaveManager()
 .text._ZNK11SaveManager11save_existsEv
                0x0800162c       0x4c save_manager.o
                0x0800162c                SaveManager::save_exists() const
 .text._ZN12_GLOBAL__N_1L10lerp_colorEN2bn5colorES1_NS0_7fixed_tILi12EEE.constprop.0
                0x08001678       0xf0 titlescreen.o
 .text._ZN12_GLOBAL__N_1L24rebuild_rainbow_gradientEi
                0x08001768      0x108 titlescreen.o
 .text._ZN11Titlescreen19_update_fade_in_tcgEv
                0x08001870       0x7c titlescreen.o
                0x08001870                Titlescreen::_update_fade_in_tcg()
 .text._ZN11Titlescreen13_update_cardsEv
                0x080018ec      0x2b4 titlescreen.o
                0x080018ec                Titlescreen::_update_cards()
 .text._ZN11Titlescreen8_load_bgEv
                0x08001ba0       0x90 titlescreen.o
                0x08001ba0                Titlescreen::_load_bg()
 .text._ZN11Titlescreen16_update_fade_outEv
                0x08001c30       0xc4 titlescreen.o
                0x08001c30                Titlescreen::_update_fade_out()
 .text._ZN11Titlescreen20_update_fade_in_logoEv
                0x08001cf4       0xac titlescreen.o
                0x08001cf4                Titlescreen::_update_fade_in_logo()
 .text._ZN11Titlescreen5_skipEv
                0x08001da0      0x168 titlescreen.o
                0x08001da0                Titlescreen::_skip()
 .text._ZN11Titlescreen11_init_cardsEv
                0x08001f08      0x234 titlescreen.o
                0x08001f08                Titlescreen::_init_cards()
 .text._ZN11Titlescreen18_update_wait_inputEv
                0x0800213c      0x108 titlescreen.o
                0x0800213c                Titlescreen::_update_wait_input()
 .text._ZN11TitlescreenC2Ev
                0x08002244      0x1ac titlescreen.o
                0x08002244                Titlescreen::Titlescreen()
                0x08002244                Titlescreen::Titlescreen()
 .text._ZN11Titlescreen17_update_logo_animEv
                0x080023f0      0x514 titlescreen.o
                0x080023f0                Titlescreen::_update_logo_anim()
 .text._ZN11Titlescreen6updateEv
                0x08002904       0x80 titlescreen.o
                0x08002904                Titlescreen::update()
 .text._ZN2bn13ostringstream11append_argsIiJA4_ciEEEvRKT_DpRKT0_.isra.0
                0x08002984       0x24 bn_affine_bg_animate_actions.o
 .text._ZN3_bn6assert9show_argsIJA23_ciA4_ciEEEvPKcS5_S5_iDpRKT_
                0x080029a8       0x58 bn_affine_bg_animate_actions.o
                0x080029a8                void _bn::assert::show_args<char [23], int, char [4], int>(char const*, char const*, char const*, int, char const (&) [23], int const&, char const (&) [4], int const&)
 .text._ZN3_bn6assert9show_argsIA24_ciEEvPKcS4_S4_iRKT_RKT0_
                0x08002a00       0x54 bn_affine_bg_animate_actions.o
                0x08002a00                void _bn::assert::show_args<char [24], int>(char const*, char const*, char const*, int, char const (&) [24], int const&)
 .text._ZN3_bn6assert9show_argsIA28_ciEEvPKcS4_S4_iRKT_RKT0_
                0x08002a54       0x54 bn_affine_bg_animate_actions.o
                0x08002a54                void _bn::assert::show_args<char [28], int>(char const*, char const*, char const*, int, char const (&) [28], int const&)
 .text._ZN2bn13audio_manager4initEv
                0x08002aa8       0x60 bn_audio_manager.bn_noflto.o
                0x08002aa8                bn::audio_manager::init()
 .text._ZN2bn13audio_manager7disableEv
                0x08002b08       0x10 bn_audio_manager.bn_noflto.o
                0x08002b08                bn::audio_manager::disable()
 .text._ZN2bn13audio_manager10sound_dataEt
                0x08002b18       0x6c bn_audio_manager.bn_noflto.o
                0x08002b18                bn::audio_manager::sound_data(unsigned short)
 .text._ZN2bn13audio_manager6updateEv
                0x08002b84       0x18 bn_audio_manager.bn_noflto.o
                0x08002b84                bn::audio_manager::update()
 .text._ZN2bn13audio_manager13vblank_commitEv
                0x08002b9c       0x2c bn_audio_manager.bn_noflto.o
                0x08002b9c                bn::audio_manager::vblank_commit()
 .text._ZN2bn13audio_manager14delayed_commitEv
                0x08002bc8       0x34 bn_audio_manager.bn_noflto.o
                0x08002bc8                bn::audio_manager::delayed_commit()
 .text._ZN2bn13audio_manager4stopEv
                0x08002bfc       0x78 bn_audio_manager.bn_noflto.o
                0x08002bfc                bn::audio_manager::stop()
 .text._ZN3_bn6assert9show_argsIA18_ciEEvPKcS4_S4_iRKT_RKT0_
                0x08002c74       0x54 bn_audio_manager.bn_noflto.o
                0x08002c74                void _bn::assert::show_args<char [18], int>(char const*, char const*, char const*, int, char const (&) [18], int const&)
 .text._ZN3_bn6assert9show_argsIA14_ciEEvPKcS4_S4_iRKT_RKT0_
                0x08002cc8       0x54 bn_audio_manager.bn_noflto.o
                0x08002cc8                void _bn::assert::show_args<char [14], int>(char const*, char const*, char const*, int, char const (&) [14], int const&)
 .text._ZN3_bn6assert9show_argsIA19_ciEEvPKcS4_S4_iRKT_RKT0_
                0x08002d1c       0x54 bn_audio_manager.bn_noflto.o
                0x08002d1c                void _bn::assert::show_args<char [19], int>(char const*, char const*, char const*, int, char const (&) [19], int const&)
 .text._ZN3_bn6assert9show_argsIA26_ciEEvPKcS4_S4_iRKT_RKT0_
                0x08002d70       0x54 bn_audio_manager.bn_noflto.o
                0x08002d70                void _bn::assert::show_args<char [26], int>(char const*, char const*, char const*, int, char const (&) [26], int const&)
 .text._ZN3_bn6assert9show_argsIA33_cEEvPKcS4_S4_iRKT_
                0x08002dc4       0x48 bn_audio_manager.bn_noflto.o
                0x08002dc4                void _bn::assert::show_args<char [33]>(char const*, char const*, char const*, int, char const (&) [33])
 .text._ZN3_bn6assert9show_argsIA25_cEEvPKcS4_S4_iRKT_
                0x08002e0c       0x48 bn_audio_manager.bn_noflto.o
                0x08002e0c                void _bn::assert::show_args<char [25]>(char const*, char const*, char const*, int, char const (&) [25])
 .text._ZN3_bn6assert9show_argsIA24_cEEvPKcS4_S4_iRKT_
                0x08002e54       0x48 bn_audio_manager.bn_noflto.o
                0x08002e54                void _bn::assert::show_args<char [24]>(char const*, char const*, char const*, int, char const (&) [24])
 .text._ZN3_bn6assert9show_argsIA20_cEEvPKcS4_S4_iRKT_
                0x08002e9c       0x48 bn_audio_manager.bn_noflto.o
                0x08002e9c                void _bn::assert::show_args<char [20]>(char const*, char const*, char const*, int, char const (&) [20])
 .text._ZN3_bn6assert9show_argsIA26_cEEvPKcS4_S4_iRKT_
                0x08002ee4       0x48 bn_audio_manager.bn_noflto.o
                0x08002ee4                void _bn::assert::show_args<char [26]>(char const*, char const*, char const*, int, char const (&) [26])
 .text._ZN3_bn6assert9show_argsIA21_cEEvPKcS4_S4_iRKT_
                0x08002f2c       0x48 bn_audio_manager.bn_noflto.o
                0x08002f2c                void _bn::assert::show_args<char [21]>(char const*, char const*, char const*, int, char const (&) [21])
 .text._ZN3_bn6assert9show_argsIA32_cEEvPKcS4_S4_iRKT_
                0x08002f74       0x48 bn_audio_manager.bn_noflto.o
                0x08002f74                void _bn::assert::show_args<char [32]>(char const*, char const*, char const*, int, char const (&) [32])
 .text._ZN2bn13ostringstream6appendILi12EEEvNS_7fixed_tIXT_EEE
                0x08002fbc       0xa0 bn_audio_manager.bn_noflto.o
                0x08002fbc                void bn::ostringstream::append<12>(bn::fixed_t<12>)
 .text._ZN3_bn6assert9show_argsIA25_ciEEvPKcS4_S4_iRKT_RKT0_
                0x0800305c       0x54 bn_audio_manager.bn_noflto.o
                0x0800305c                void _bn::assert::show_args<char [25], int>(char const*, char const*, char const*, int, char const (&) [25], int const&)
 .text._ZN2bn13audio_manager16execute_commandsEv
                0x080030b0      0x788 bn_audio_manager.bn_noflto.o
                0x080030b0                bn::audio_manager::execute_commands()
 .text._ZN3_bn6assert9show_argsIA17_cEEvPKcS4_S4_iRKT_
                0x08003838       0x48 bn_audio_manager.bn_noflto.o
                0x08003838                void _bn::assert::show_args<char [17]>(char const*, char const*, char const*, int, char const (&) [17])
 .text._ZN2bn14iunordered_mapIjNS_13audio_manager15sound_data_typeENS_15identity_hasherENS_8equal_toIjEEEclEjRKj
                0x08003880      0x11c bn_audio_manager.bn_noflto.o
                0x08003880                bn::iunordered_map<unsigned int, bn::audio_manager::sound_data_type, bn::identity_hasher, bn::equal_to<unsigned int> >::operator()(unsigned int, unsigned int const&)
 .text._ZN2bn13audio_manager10play_soundEiNS_10sound_itemE
                0x0800399c       0xc8 bn_audio_manager.bn_noflto.o
                0x0800399c                bn::audio_manager::play_sound(int, bn::sound_item)
 .text._ZNK2bn10sound_item4playEv
                0x08003a64       0x10 bn_audio_manager.bn_noflto.o
                0x08003a64                bn::sound_item::play() const
 .text._ZN2bn18best_fit_allocator4freeEPv
                0x08003a74      0x110 bn_best_fit_allocator.o
                0x08003a74                bn::best_fit_allocator::free(void*)
 .text._ZN3_bn6assert9show_argsIA23_cEEvPKcS4_S4_iRKT_
                0x08003b84       0x48 bn_best_fit_allocator.o
                0x08003b84                void _bn::assert::show_args<char [23]>(char const*, char const*, char const*, int, char const (&) [23])
 .text._ZN2bn18best_fit_allocator5allocEi
                0x08003bcc      0x144 bn_best_fit_allocator.o
                0x08003bcc                bn::best_fit_allocator::alloc(int)
 .text._ZN3_bn6assert9show_argsIA20_ciEEvPKcS4_S4_iRKT_RKT0_
                0x08003d10       0x54 bn_best_fit_allocator.o
                0x08003d10                void _bn::assert::show_args<char [20], int>(char const*, char const*, char const*, int, char const (&) [20], int const&)
 .text._ZN3_bn6assert9show_argsIA14_cEEvPKcS4_S4_iRKT_
                0x08003d64       0x48 bn_best_fit_allocator.o
                0x08003d64                void _bn::assert::show_args<char [14]>(char const*, char const*, char const*, int, char const (&) [14])
 .text._ZN2bn18best_fit_allocator5resetEPvi
                0x08003dac       0xd4 bn_best_fit_allocator.o
                0x08003dac                bn::best_fit_allocator::reset(void*, int)
 .text._ZN2bn17bg_blocks_manager12_GLOBAL__N_1L17_hw_commit_offsetEPKtjtPt
                0x08003e80       0x74 bn_bg_blocks_manager.o
 .text._ZN2bn13ostringstream11append_argsIiJA4_ctEEEvRKT_DpRKT0_.isra.0
                0x08003ef4       0x24 bn_bg_blocks_manager.o
 .text._ZN2bn13ostringstream11append_argsIiJA4_ciEEEvRKT_DpRKT0_.isra.0
                0x08003f18       0x24 bn_bg_blocks_manager.o
 .text._ZNK2bn18regular_bg_map_ptr2idEv
                0x08003f3c       0x18 bn_bg_blocks_manager.o
                0x08003f3c                bn::regular_bg_map_ptr::id() const
 .text._ZNK2bn18regular_bg_map_ptr10dimensionsEv
                0x08003f54       0x20 bn_bg_blocks_manager.o
                0x08003f54                bn::regular_bg_map_ptr::dimensions() const
 .text._ZNK2bn18regular_bg_map_ptr3bigEv
                0x08003f74       0x18 bn_bg_blocks_manager.o
                0x08003f74                bn::regular_bg_map_ptr::big() const
 .text._ZNK2bn20regular_bg_tiles_ptr3cbbEv
                0x08003f8c       0x18 bn_bg_blocks_manager.o
                0x08003f8c                bn::regular_bg_tiles_ptr::cbb() const
 .text._ZNK2bn17affine_bg_map_ptr2idEv
                0x08003fa4       0x18 bn_bg_blocks_manager.o
                0x08003fa4                bn::affine_bg_map_ptr::id() const
 .text._ZNK2bn17affine_bg_map_ptr10dimensionsEv
                0x08003fbc       0x20 bn_bg_blocks_manager.o
                0x08003fbc                bn::affine_bg_map_ptr::dimensions() const
 .text._ZNK2bn19affine_bg_tiles_ptr3cbbEv
                0x08003fdc       0x18 bn_bg_blocks_manager.o
                0x08003fdc                bn::affine_bg_tiles_ptr::cbb() const
 .text._ZN2bn17bg_blocks_manager10log_statusEv
                0x08003ff4      0x450 bn_bg_blocks_manager.o
                0x08003ff4                bn::bg_blocks_manager::log_status()
 .text._ZN2bn17bg_blocks_manager15decrease_usagesEi
                0x08004444       0x98 bn_bg_blocks_manager.o
                0x08004444                bn::bg_blocks_manager::decrease_usages(int)
 .text._ZN2bn18regular_bg_map_ptrD2Ev
                0x080044dc       0x18 bn_bg_blocks_manager.o
                0x080044dc                bn::regular_bg_map_ptr::~regular_bg_map_ptr()
                0x080044dc                bn::regular_bg_map_ptr::~regular_bg_map_ptr()
 .text._ZN2bn17affine_bg_map_ptrD2Ev
                0x080044f4       0x18 bn_bg_blocks_manager.o
                0x080044f4                bn::affine_bg_map_ptr::~affine_bg_map_ptr()
                0x080044f4                bn::affine_bg_map_ptr::~affine_bg_map_ptr()
 .text._ZN2bn17bg_blocks_manager12_GLOBAL__N_110items_list12insert_afterEiRKNS1_9item_typeE.constprop.0
                0x0800450c      0x268 bn_bg_blocks_manager.o
 .text._ZN2bn17bg_blocks_manager4initEv
                0x08004774       0x90 bn_bg_blocks_manager.o
                0x08004774                bn::bg_blocks_manager::init()
 .text._ZN2bn17bg_blocks_manager11must_commitEi
                0x08004804       0x18 bn_bg_blocks_manager.o
                0x08004804                bn::bg_blocks_manager::must_commit(int)
 .text._ZN2bn17bg_blocks_manager6updateEv
                0x0800481c      0x260 bn_bg_blocks_manager.o
                0x0800481c                bn::bg_blocks_manager::update()
 .text._ZN3_bn6assert9show_argsIA15_ciEEvPKcS4_S4_iRKT_RKT0_
                0x08004a7c       0x54 bn_bg_blocks_manager.o
                0x08004a7c                void _bn::assert::show_args<char [15], int>(char const*, char const*, char const*, int, char const (&) [15], int const&)
 .text._ZN3_bn6assert9show_argsIA52_ctEEvPKcS4_S4_iRKT_RKT0_
                0x08004ad0       0x54 bn_bg_blocks_manager.o
                0x08004ad0                void _bn::assert::show_args<char [52], unsigned short>(char const*, char const*, char const*, int, char const (&) [52], unsigned short const&)
 .text._ZN3_bn6assert9show_argsIJA20_ciA4_ctEEEvPKcS5_S5_iDpRKT_
                0x08004b24       0x58 bn_bg_blocks_manager.o
                0x08004b24                void _bn::assert::show_args<char [20], int, char [4], unsigned short>(char const*, char const*, char const*, int, char const (&) [20], int const&, char const (&) [4], unsigned short const&)
 .text._ZN3_bn6assert9show_argsIJA22_ciA4_ciEEEvPKcS5_S5_iDpRKT_
                0x08004b7c       0x58 bn_bg_blocks_manager.o
                0x08004b7c                void _bn::assert::show_args<char [22], int, char [4], int>(char const*, char const*, char const*, int, char const (&) [22], int const&, char const (&) [4], int const&)
 .text._ZN3_bn6assert9show_argsIJA58_ciA4_ciEEEvPKcS5_S5_iDpRKT_
                0x08004bd4       0x58 bn_bg_blocks_manager.o
                0x08004bd4                void _bn::assert::show_args<char [58], int, char [4], int>(char const*, char const*, char const*, int, char const (&) [58], int const&, char const (&) [4], int const&)
 .text._ZN3_bn6assert9show_argsIA38_cEEvPKcS4_S4_iRKT_
                0x08004c2c       0x48 bn_bg_blocks_manager.o
                0x08004c2c                void _bn::assert::show_args<char [38]>(char const*, char const*, char const*, int, char const (&) [38])
 .text._ZN3_bn6assert9show_argsIA27_ciEEvPKcS4_S4_iRKT_RKT0_
                0x08004c74       0x54 bn_bg_blocks_manager.o
                0x08004c74                void _bn::assert::show_args<char [27], int>(char const*, char const*, char const*, int, char const (&) [27], int const&)
 .text._ZN2bn17bg_blocks_manager12_GLOBAL__N_1L10_hw_commitEPKtNS_16compression_typeEibPt
                0x08004cc8       0x68 bn_bg_blocks_manager.o
 .text._ZN3_bn6assert9show_argsIA22_ciEEvPKcS4_S4_iRKT_RKT0_
                0x08004d30       0x54 bn_bg_blocks_manager.o
                0x08004d30                void _bn::assert::show_args<char [22], int>(char const*, char const*, char const*, int, char const (&) [22], int const&)
 .text._ZN3_bn6assert9show_argsIA19_cEEvPKcS4_S4_iRKT_
                0x08004d84       0x48 bn_bg_blocks_manager.o
                0x08004d84                void _bn::assert::show_args<char [19]>(char const*, char const*, char const*, int, char const (&) [19])
 .text._ZN2bn17bg_blocks_manager12_GLOBAL__N_1L16_find_tiles_implEPKtNS_16compression_typeEib
                0x08004dcc       0xf4 bn_bg_blocks_manager.o
 .text._ZN2bn17bg_blocks_manager12_GLOBAL__N_1L17_fix_blocks_countERKNS1_9item_typeEi
                0x08004ec0       0x7c bn_bg_blocks_manager.o
 .text._ZN3_bn6assert9show_argsIJA32_cA15_cPKtA16_ciA17_ciA34_cN2bn11string_viewEEEEvPKcSC_SC_iDpRKT_
                0x08004f3c       0x90 bn_bg_blocks_manager.o
                0x08004f3c                void _bn::assert::show_args<char [32], char [15], unsigned short const*, char [16], int, char [17], int, char [34], bn::string_view>(char const*, char const*, char const*, int, char const (&) [32], char const (&) [15], unsigned short const* const&, char const (&) [16], int const&, char const (&) [17], int const&, char const (&) [34], bn::string_view const&)
 .text._ZN3_bn6assert9show_argsIJA30_cA13_cPKtA14_ciA15_ciA17_ciA34_cN2bn11string_viewEEEEvPKcSD_SD_iDpRKT_
                0x08004fcc       0xa0 bn_bg_blocks_manager.o
                0x08004fcc                void _bn::assert::show_args<char [30], char [13], unsigned short const*, char [14], int, char [15], int, char [17], int, char [34], bn::string_view>(char const*, char const*, char const*, int, char const (&) [30], char const (&) [13], unsigned short const* const&, char const (&) [14], int const&, char const (&) [15], int const&, char const (&) [17], int const&, char const (&) [34], bn::string_view const&)
 .text._ZN3_bn6assert9show_argsIA31_cEEvPKcS4_S4_iRKT_
                0x0800506c       0x48 bn_bg_blocks_manager.o
                0x0800506c                void _bn::assert::show_args<char [31]>(char const*, char const*, char const*, int, char const (&) [31])
 .text._ZN3_bn6assert9show_argsIJA37_ciA4_ciEEEvPKcS5_S5_iDpRKT_
                0x080050b4       0x58 bn_bg_blocks_manager.o
                0x080050b4                void _bn::assert::show_args<char [37], int, char [4], int>(char const*, char const*, char const*, int, char const (&) [37], int const&, char const (&) [4], int const&)
 .text._ZNK2bn18regular_bg_map_ptr5tilesEv
                0x0800510c       0x48 bn_bg_blocks_manager.o
                0x0800510c                bn::regular_bg_map_ptr::tiles() const
 .text._ZNK2bn17affine_bg_map_ptr5tilesEv
                0x08005154       0x48 bn_bg_blocks_manager.o
                0x08005154                bn::affine_bg_map_ptr::tiles() const
 .text._ZNK2bn18regular_bg_map_ptr3bppEv
                0x0800519c       0x4c bn_bg_blocks_manager.o
                0x0800519c                bn::regular_bg_map_ptr::bpp() const
 .text._ZN2bn17bg_blocks_manager21update_affine_map_rowEiii
                0x080051e8      0x15c bn_bg_blocks_manager.o
                0x080051e8                bn::bg_blocks_manager::update_affine_map_row(int, int, int)
 .text._ZN2bn17bg_blocks_manager28update_affine_map_bottom_rowEiii
                0x08005344       0x30 bn_bg_blocks_manager.o
                0x08005344                bn::bg_blocks_manager::update_affine_map_bottom_row(int, int, int)
 .text._ZN2bn17bg_blocks_manager23set_affine_map_positionEiii
                0x08005374      0x1f0 bn_bg_blocks_manager.o
                0x08005374                bn::bg_blocks_manager::set_affine_map_position(int, int, int)
 .text._ZN2bn17bg_blocks_manager21update_affine_map_colEiii
                0x08005564      0x318 bn_bg_blocks_manager.o
                0x08005564                bn::bg_blocks_manager::update_affine_map_col(int, int, int)
 .text._ZN2bn17bg_blocks_manager27update_affine_map_right_colEiii
                0x0800587c       0x30 bn_bg_blocks_manager.o
                0x0800587c                bn::bg_blocks_manager::update_affine_map_right_col(int, int, int)
 .text._ZN2bn17bg_blocks_manager22update_regular_map_rowEiii
                0x080058ac      0x19c bn_bg_blocks_manager.o
                0x080058ac                bn::bg_blocks_manager::update_regular_map_row(int, int, int)
 .text._ZN2bn17bg_blocks_manager22update_regular_map_colEiii
                0x08005a48      0x1f0 bn_bg_blocks_manager.o
                0x08005a48                bn::bg_blocks_manager::update_regular_map_col(int, int, int)
 .text._ZN2bn17bg_blocks_manager24set_regular_map_positionEiii
                0x08005c38      0x210 bn_bg_blocks_manager.o
                0x08005c38                bn::bg_blocks_manager::set_regular_map_position(int, int, int)
 .text._ZN2bn17bg_blocks_manager33set_regular_map_tiles_and_paletteEiONS_20regular_bg_tiles_ptrEONS_14bg_palette_ptrE
                0x08005e48      0x2b4 bn_bg_blocks_manager.o
                0x08005e48                bn::bg_blocks_manager::set_regular_map_tiles_and_palette(int, bn::regular_bg_tiles_ptr&&, bn::bg_palette_ptr&&)
 .text._ZN2bn17bg_blocks_manager21set_regular_map_tilesEiONS_20regular_bg_tiles_ptrE
                0x080060fc      0x248 bn_bg_blocks_manager.o
                0x080060fc                bn::bg_blocks_manager::set_regular_map_tiles(int, bn::regular_bg_tiles_ptr&&)
 .text._ZN2bn17bg_blocks_manager23set_regular_map_paletteEiONS_14bg_palette_ptrE
                0x08006344      0x210 bn_bg_blocks_manager.o
                0x08006344                bn::bg_blocks_manager::set_regular_map_palette(int, bn::bg_palette_ptr&&)
 .text._ZN2bn17bg_blocks_manager12_GLOBAL__N_1L22_find_regular_map_implERKNS_19regular_bg_map_itemEPKtRKNS_20regular_bg_tiles_ptrERKNS_14bg_palette_ptrE
                0x08006554      0x2d0 bn_bg_blocks_manager.o
 .text._ZN2bn17bg_blocks_manager12_GLOBAL__N_1L12_commit_itemERKNS1_9item_typeEb
                0x08006824      0x1d8 bn_bg_blocks_manager.o
 .text._ZN2bn17bg_blocks_manager19commit_uncompressedEb
                0x080069fc       0x54 bn_bg_blocks_manager.o
                0x080069fc                bn::bg_blocks_manager::commit_uncompressed(bool)
 .text._ZN2bn17bg_blocks_manager17commit_compressedEv
                0x08006a50       0x48 bn_bg_blocks_manager.o
                0x08006a50                bn::bg_blocks_manager::commit_compressed()
 .text._ZN2bn17bg_blocks_manager12_GLOBAL__N_1L12_create_itemEiibONS1_11create_dataE
                0x08006a98      0x4f8 bn_bg_blocks_manager.o
 .text._ZN2bn17bg_blocks_manager12_GLOBAL__N_1L12_create_implEONS1_11create_dataE
                0x08006f90      0x214 bn_bg_blocks_manager.o
 .text._ZN2bn17bg_blocks_manager20create_regular_tilesERKNS_21regular_bg_tiles_itemEb
                0x080071a4      0x13c bn_bg_blocks_manager.o
                0x080071a4                bn::bg_blocks_manager::create_regular_tiles(bn::regular_bg_tiles_item const&, bool)
 .text._ZN2bn17bg_blocks_manager18create_regular_mapERKNS_19regular_bg_map_itemEPKtONS_20regular_bg_tiles_ptrEONS_14bg_palette_ptrEb
                0x080072e0      0x26c bn_bg_blocks_manager.o
                0x080072e0                bn::bg_blocks_manager::create_regular_map(bn::regular_bg_map_item const&, unsigned short const*, bn::regular_bg_tiles_ptr&&, bn::bg_palette_ptr&&, bool)
 .text._ZN2bn18regular_bg_map_ptr6createERKNS_15regular_bg_itemEi
                0x0800754c       0xd8 bn_bg_blocks_manager.o
                0x0800754c                bn::regular_bg_map_ptr::create(bn::regular_bg_item const&, int)
 .text._ZN3_bn6assert9show_argsIA39_ciEEvPKcS4_S4_iRKT_RKT0_
                0x08007624       0x54 bn_bg_blocks_manager.o
                0x08007624                void _bn::assert::show_args<char [39], int>(char const*, char const*, char const*, int, char const (&) [39], int const&)
 .text._ZN2bn11bgs_manager12_GLOBAL__N_1L29_check_unique_regular_big_mapERNS1_9item_typeE
                0x08007678       0x6c bn_bgs_manager.o
 .text._ZN2bn11bgs_manager12_GLOBAL__N_1L33_update_item_hw_affine_attributesERKNS1_9item_typeE
                0x080076e4       0x48 bn_bgs_manager.o
 .text._ZN2bn14regular_bg_ptrC2ERKS0_
                0x0800772c        0xc bn_bgs_manager.o
                0x0800772c                bn::regular_bg_ptr::regular_bg_ptr(bn::regular_bg_ptr const&)
                0x0800772c                bn::regular_bg_ptr::regular_bg_ptr(bn::regular_bg_ptr const&)
 .text._ZN2bn14regular_bg_ptr5set_yENS_7fixed_tILi12EEE
                0x08007738       0x64 bn_bgs_manager.o
                0x08007738                bn::regular_bg_ptr::set_y(bn::fixed_t<12>)
 .text._ZNK2bn14regular_bg_ptr8positionEv
                0x0800779c        0x8 bn_bgs_manager.o
                0x0800779c                bn::regular_bg_ptr::position() const
 .text._ZN2bn14regular_bg_ptr12set_positionERKNS_13fixed_point_tILi12EEE
                0x080077a4       0x80 bn_bgs_manager.o
                0x080077a4                bn::regular_bg_ptr::set_position(bn::fixed_point_t<12> const&)
 .text._ZN2bn14regular_bg_ptr24set_blending_top_enabledEb
                0x08007824       0x40 bn_bgs_manager.o
                0x08007824                bn::regular_bg_ptr::set_blending_top_enabled(bool)
 .text._ZN2bn11bgs_manager4initEv
                0x08007864       0x8c bn_bgs_manager.o
                0x08007864                bn::bgs_manager::init()
 .text._ZN2bn11bgs_manager5hw_idEPv
                0x080078f0        0x8 bn_bgs_manager.o
                0x080078f0                bn::bgs_manager::hw_id(void*)
 .text._ZN2bn11bgs_manager11hw_positionEPv
                0x080078f8        0x4 bn_bgs_manager.o
                0x080078f8                bn::bgs_manager::hw_position(void*)
 .text._ZN2bn11bgs_manager14mat_attributesEPv
                0x080078fc        0x4 bn_bgs_manager.o
                0x080078fc                bn::bgs_manager::mat_attributes(void*)
 .text._ZN2bn11bgs_manager20update_windows_flagsEPj
                0x08007900       0x7c bn_bgs_manager.o
                0x08007900                bn::bgs_manager::update_windows_flags(unsigned int*)
 .text._ZN2bn11bgs_manager14update_camerasEv
                0x0800797c      0x134 bn_bgs_manager.o
                0x0800797c                bn::bgs_manager::update_cameras()
 .text._ZN2bn11bgs_manager28update_regular_map_tiles_cbbEii
                0x08007ab0       0x94 bn_bgs_manager.o
                0x08007ab0                bn::bgs_manager::update_regular_map_tiles_cbb(int, int)
 .text._ZN2bn11bgs_manager30update_regular_map_palette_bppEiNS_8bpp_modeE
                0x08007b44       0x98 bn_bgs_manager.o
                0x08007b44                bn::bgs_manager::update_regular_map_palette_bpp(int, bn::bpp_mode)
 .text._ZN2bn11bgs_manager6reloadEv
                0x08007bdc       0x14 bn_bgs_manager.o
                0x08007bdc                bn::bgs_manager::reload()
 .text._ZN2bn11bgs_manager36fill_hblank_effect_regular_positionsEiPKNS_7fixed_tILi12EEEPt
                0x08007bf0       0x38 bn_bgs_manager.o
                0x08007bf0                bn::bgs_manager::fill_hblank_effect_regular_positions(int, bn::fixed_t<12> const*, unsigned short*)
 .text._ZN2bn11bgs_manager45fill_hblank_effect_pivot_horizontal_positionsEPvPKNS_7fixed_tILi12EEEPj
                0x08007c28       0x28 bn_bgs_manager.o
                0x08007c28                bn::bgs_manager::fill_hblank_effect_pivot_horizontal_positions(void*, bn::fixed_t<12> const*, unsigned int*)
 .text._ZN2bn11bgs_manager43fill_hblank_effect_pivot_vertical_positionsEPvPKNS_7fixed_tILi12EEEPj
                0x08007c50       0x28 bn_bgs_manager.o
                0x08007c50                bn::bgs_manager::fill_hblank_effect_pivot_vertical_positions(void*, bn::fixed_t<12> const*, unsigned int*)
 .text._ZN2bn11bgs_manager6commitEb
                0x08007c78       0x58 bn_bgs_manager.o
                0x08007c78                bn::bgs_manager::commit(bool)
 .text._ZN2bn11bgs_manager4stopEv
                0x08007cd0       0x28 bn_bgs_manager.o
                0x08007cd0                bn::bgs_manager::stop()
 .text._ZN2bn18regular_bg_builder11release_mapEv
                0x08007cf8       0x6c bn_bgs_manager.o
                0x08007cf8                bn::regular_bg_builder::release_map()
 .text._ZN2bn11bgs_manager15commit_big_mapsEv
                0x08007d64      0x208 bn_bgs_manager.o
                0x08007d64                bn::bgs_manager::commit_big_maps()
 .text._ZN2bn11bgs_manager12_GLOBAL__N_19item_type18update_regular_mapEv
                0x08007f6c      0x1b4 bn_bgs_manager.o
 .text._ZN2bn11bgs_manager10affine_mapEPv
                0x08008120       0x34 bn_bgs_manager.o
                0x08008120                bn::bgs_manager::affine_map(void*)
 .text._ZN2bn11bgs_manager11regular_mapEPv
                0x08008154       0x34 bn_bgs_manager.o
                0x08008154                bn::bgs_manager::regular_map(void*)
 .text._ZN3_bn6assert9show_argsIA27_cEEvPKcS4_S4_iRKT_
                0x08008188       0x48 bn_bgs_manager.o
                0x08008188                void _bn::assert::show_args<char [27]>(char const*, char const*, char const*, int, char const (&) [27])
 .text._ZN3_bn6assert9show_argsIA46_cEEvPKcS4_S4_iRKT_
                0x080081d0       0x48 bn_bgs_manager.o
                0x080081d0                void _bn::assert::show_args<char [46]>(char const*, char const*, char const*, int, char const (&) [46])
 .text._ZN2bn11bgs_manager37fill_hblank_effect_regular_attributesEPvPKNS_21regular_bg_attributesEPt
                0x08008218      0x118 bn_bgs_manager.o
                0x08008218                bn::bgs_manager::fill_hblank_effect_regular_attributes(void*, bn::regular_bg_attributes const*, unsigned short*)
 .text._ZN2bn11bgs_manager36fill_hblank_effect_affine_attributesEPvPKNS_20affine_bg_attributesEPt
                0x08008330      0x10c bn_bgs_manager.o
                0x08008330                bn::bgs_manager::fill_hblank_effect_affine_attributes(void*, bn::affine_bg_attributes const*, unsigned short*)
 .text._ZN2bn11bgs_manager15rebuild_handlesEv.part.0
                0x0800843c      0x1a4 bn_bgs_manager.o
 .text._ZN2bn11bgs_manager6updateEv
                0x080085e0      0x158 bn_bgs_manager.o
                0x080085e0                bn::bgs_manager::update()
 .text._ZN2bn11bgs_manager12_GLOBAL__N_1L12_insert_itemERNS1_9item_typeE
                0x08008738      0x104 bn_bgs_manager.o
 .text._ZN3_bn6assert9show_argsIA13_cEEvPKcS4_S4_iRKT_
                0x0800883c       0x48 bn_bgs_manager.o
                0x0800883c                void _bn::assert::show_args<char [13]>(char const*, char const*, char const*, int, char const (&) [13])
 .text._ZN2bn11bgs_manager6createEONS_18regular_bg_builderE
                0x08008884      0x1ec bn_bgs_manager.o
                0x08008884                bn::bgs_manager::create(bn::regular_bg_builder&&)
 .text._ZNK2bn15regular_bg_item9create_bgENS_7fixed_tILi12EEES2_
                0x08008a70       0x78 bn_bgs_manager.o
                0x08008a70                bn::regular_bg_item::create_bg(bn::fixed_t<12>, bn::fixed_t<12>) const
 .text._ZN2bn5eraseIPNS_11bgs_manager12_GLOBAL__N_19item_typeEEENS_7ivectorIT_E9size_typeERS7_RKS6_.constprop.0.isra.0
                0x08008ae8      0x144 bn_bgs_manager.o
 .text._ZN2bn11bgs_manager15decrease_usagesEPv
                0x08008c2c       0xa8 bn_bgs_manager.o
                0x08008c2c                bn::bgs_manager::decrease_usages(void*)
 .text._ZN2bn14regular_bg_ptrD2Ev
                0x08008cd4       0x18 bn_bgs_manager.o
                0x08008cd4                bn::regular_bg_ptr::~regular_bg_ptr()
                0x08008cd4                bn::regular_bg_ptr::~regular_bg_ptr()
 .text._ZN2bn14regular_bg_ptr12set_priorityEi
                0x08008cec       0x68 bn_bgs_manager.o
                0x08008cec                bn::regular_bg_ptr::set_priority(int)
 .text._ZN2bn10camera_ptrC2ERKS0_
                0x08008d54       0x20 bn_cameras_manager.o
                0x08008d54                bn::camera_ptr::camera_ptr(bn::camera_ptr const&)
                0x08008d54                bn::camera_ptr::camera_ptr(bn::camera_ptr const&)
 .text._ZN2bn10camera_ptraSERKS0_
                0x08008d74       0x70 bn_cameras_manager.o
                0x08008d74                bn::camera_ptr::operator=(bn::camera_ptr const&)
 .text._ZN2bn10camera_ptrD2Ev
                0x08008de4       0x38 bn_cameras_manager.o
                0x08008de4                bn::camera_ptr::~camera_ptr()
                0x08008de4                bn::camera_ptr::~camera_ptr()
 .text._ZNK2bn10camera_ptr8positionEv
                0x08008e1c       0x14 bn_cameras_manager.o
                0x08008e1c                bn::camera_ptr::position() const
 .text._ZN2bn15cameras_manager4initEv
                0x08008e30       0x24 bn_cameras_manager.o
                0x08008e30                bn::cameras_manager::init()
 .text._ZN2bn15cameras_manager6updateEv
                0x08008e54       0x28 bn_cameras_manager.o
                0x08008e54                bn::cameras_manager::update()
 .text._ZN2bn4core12_GLOBAL__N_1L12_vblank_intrEv
                0x08008e7c       0x3c bn_core.o
 .text._ZN2bn4core12_GLOBAL__N_1L4stopEb
                0x08008eb8       0x60 bn_core.o
 .text._ZN2bn4core12_GLOBAL__N_1L11update_implEv
                0x08008f18      0x110 bn_core.o
 .text._ZN2bn4core6updateEv
                0x08009028       0x78 bn_core.o
                0x08009028                bn::core::update()
 .text._ZN2bn4core4initERKNS_8optionalINS_5colorEEERKNS_11string_viewE
                0x080090a0      0x138 bn_core.o
                0x080090a0                bn::core::init(bn::optional<bn::color> const&, bn::string_view const&)
 .text._ZN2bn4core4initEv
                0x080091d8       0x20 bn_core.o
                0x080091d8                bn::core::init()
 .text._ZN2bn11string_viewC2EPKc
                0x080091f8       0x40 bn_core.o
                0x080091f8                bn::string_view::string_view(char const*)
                0x080091f8                bn::string_view::string_view(char const*)
 .text._ZN3_bn6assert12_GLOBAL__N_1L10_show_implEPKcS3_S3_iRKN2bn11string_viewE
                0x08009238       0x80 bn_core.o
 .text._ZN3_bn6assert4showEPKcS2_S2_iRKN2bn12istring_baseE
                0x080092b8       0x18 bn_core.o
                0x080092b8                _bn::assert::show(char const*, char const*, char const*, int, bn::istring_base const&)
 .text._ZN2bn15display_manager12_GLOBAL__N_1L34_update_rect_windows_hw_boundariesEi
                0x080092d0       0x7c bn_display_manager.o
 .text._ZN2bn6window16set_show_spritesEb
                0x0800934c       0x30 bn_display_manager.o
                0x0800934c                bn::window::set_show_sprites(bool)
 .text._ZN2bn6window17set_show_blendingEb
                0x0800937c       0x30 bn_display_manager.o
                0x0800937c                bn::window::set_show_blending(bool)
 .text._ZN2bn8blending20set_black_fade_colorEv
                0x080093ac       0x24 bn_display_manager.o
                0x080093ac                bn::blending::set_black_fade_color()
 .text._ZN2bn15display_manager4initEv
                0x080093d0       0x98 bn_display_manager.o
                0x080093d0                bn::display_manager::init()
 .text._ZN2bn15display_manager8set_modeEi
                0x08009468       0x1c bn_display_manager.o
                0x08009468                bn::display_manager::set_mode(int)
 .text._ZN2bn15display_manager14set_bg_enabledEib
                0x08009484       0x18 bn_display_manager.o
                0x08009484                bn::display_manager::set_bg_enabled(int, bool)
 .text._ZN2bn15display_manager15disable_all_bgsEv
                0x0800949c       0x14 bn_display_manager.o
                0x0800949c                bn::display_manager::disable_all_bgs()
 .text._ZN2bn15display_manager13reload_mosaicEv
                0x080094b0       0x14 bn_display_manager.o
                0x080094b0                bn::display_manager::reload_mosaic()
 .text._ZN2bn15display_manager36fill_mosaic_hblank_effect_attributesEPKNS_17mosaic_attributesEPt
                0x080094c4       0x98 bn_display_manager.o
                0x080094c4                bn::display_manager::fill_mosaic_hblank_effect_attributes(bn::mosaic_attributes const*, unsigned short*)
 .text._ZN2bn15display_manager27set_blending_top_bg_enabledEib
                0x0800955c       0x20 bn_display_manager.o
                0x0800955c                bn::display_manager::set_blending_top_bg_enabled(int, bool)
 .text._ZN2bn15display_manager30set_blending_bottom_bg_enabledEib
                0x0800957c       0x20 bn_display_manager.o
                0x0800957c                bn::display_manager::set_blending_bottom_bg_enabled(int, bool)
 .text._ZN2bn15display_manager32blending_transparency_top_weightEv
                0x0800959c       0x18 bn_display_manager.o
                0x0800959c                bn::display_manager::blending_transparency_top_weight()
 .text._ZN2bn15display_manager35blending_transparency_bottom_weightEv
                0x080095b4       0x28 bn_display_manager.o
                0x080095b4                bn::display_manager::blending_transparency_bottom_weight()
 .text._ZN2bn15display_manager28reload_blending_transparencyEv
                0x080095dc       0x14 bn_display_manager.o
                0x080095dc                bn::display_manager::reload_blending_transparency()
 .text._ZN2bn15display_manager51fill_blending_transparency_hblank_effect_attributesEPKNS_32blending_transparency_attributesEPt
                0x080095f0       0x30 bn_display_manager.o
                0x080095f0                bn::display_manager::fill_blending_transparency_hblank_effect_attributes(bn::blending_transparency_attributes const*, unsigned short*)
 .text._ZN2bn15display_manager21blending_fade_enabledEv
                0x08009620        0xc bn_display_manager.o
                0x08009620                bn::display_manager::blending_fade_enabled()
 .text._ZN2bn15display_manager25set_blending_fade_enabledEb
                0x0800962c       0x2c bn_display_manager.o
                0x0800962c                bn::display_manager::set_blending_fade_enabled(bool)
 .text._ZN2bn15display_manager23set_blending_fade_alphaENS_7fixed_tILi12EEE
                0x08009658       0x5c bn_display_manager.o
                0x08009658                bn::display_manager::set_blending_fade_alpha(bn::fixed_t<12>)
 .text._ZN2bn15display_manager20reload_blending_fadeEv
                0x080096b4       0x40 bn_display_manager.o
                0x080096b4                bn::display_manager::reload_blending_fade()
 .text._ZN2bn15display_manager39fill_blending_fade_hblank_effect_alphasEPKNS_19blending_fade_alphaEPt
                0x080096f4       0x24 bn_display_manager.o
                0x080096f4                bn::display_manager::fill_blending_fade_hblank_effect_alphas(bn::blending_fade_alpha const*, unsigned short*)
 .text._ZN2bn15display_manager26update_windows_visible_bgsEv
                0x08009718       0x14 bn_display_manager.o
                0x08009718                bn::display_manager::update_windows_visible_bgs()
 .text._ZN2bn15display_manager36rect_window_hw_horizontal_boundariesEi
                0x0800972c       0x18 bn_display_manager.o
                0x0800972c                bn::display_manager::rect_window_hw_horizontal_boundaries(int)
 .text._ZN2bn15display_manager34rect_window_hw_vertical_boundariesEi
                0x08009744       0x18 bn_display_manager.o
                0x08009744                bn::display_manager::rect_window_hw_vertical_boundaries(int)
 .text._ZN2bn15display_manager30reload_rect_windows_boundariesEv
                0x0800975c       0x14 bn_display_manager.o
                0x0800975c                bn::display_manager::reload_rect_windows_boundaries()
 .text._ZN2bn15display_manager52fill_rect_window_hblank_effect_horizontal_boundariesERKSt4pairIiiEPKS1_INS_7fixed_tILi12EEES6_EPt
                0x08009770      0x134 bn_display_manager.o
                0x08009770                bn::display_manager::fill_rect_window_hblank_effect_horizontal_boundaries(std::pair<int, int> const&, std::pair<bn::fixed_t<12>, bn::fixed_t<12> > const*, unsigned short*)
 .text._ZN2bn15display_manager50fill_rect_window_hblank_effect_vertical_boundariesERKSt4pairIiiEPKS1_INS_7fixed_tILi12EEES6_EPt
                0x080098a4      0x134 bn_display_manager.o
                0x080098a4                bn::display_manager::fill_rect_window_hblank_effect_vertical_boundaries(std::pair<int, int> const&, std::pair<bn::fixed_t<12>, bn::fixed_t<12> > const*, unsigned short*)
 .text._ZN2bn15display_manager17reload_green_swapEv
                0x080099d8       0x14 bn_display_manager.o
                0x080099d8                bn::display_manager::reload_green_swap()
 .text._ZN2bn15display_manager36fill_green_swap_hblank_effect_statesEPKbPt
                0x080099ec       0x38 bn_display_manager.o
                0x080099ec                bn::display_manager::fill_green_swap_hblank_effect_states(bool const*, unsigned short*)
 .text._ZN2bn15display_manager14update_camerasEv
                0x08009a24       0x40 bn_display_manager.o
                0x08009a24                bn::display_manager::update_cameras()
 .text._ZN2bn15display_manager6updateEv
                0x08009a64      0x244 bn_display_manager.o
                0x08009a64                bn::display_manager::update()
 .text._ZN2bn15display_manager6commitEv
                0x08009ca8      0x130 bn_display_manager.o
                0x08009ca8                bn::display_manager::commit()
 .text._ZN2bn15display_manager4stopEv
                0x08009dd8       0x30 bn_display_manager.o
                0x08009dd8                bn::display_manager::stop()
 .text._ZN3_bn6assert9show_argsIA66_cEEvPKcS4_S4_iRKT_
                0x08009e08       0x48 bn_display_manager.o
                0x08009e08                void _bn::assert::show_args<char [66]>(char const*, char const*, char const*, int, char const (&) [66])
 .text._ZN3_bn6assert9show_argsIA21_cN2bn7fixed_tILi12EEEEEvPKcS7_S7_iRKT_RKT0_
                0x08009e50       0x54 bn_display_manager.o
                0x08009e50                void _bn::assert::show_args<char [21], bn::fixed_t<12> >(char const*, char const*, char const*, int, char const (&) [21], bn::fixed_t<12> const&)
 .text._ZN2bn8blending14set_fade_alphaENS_7fixed_tILi12EEE
                0x08009ea4       0x90 bn_display_manager.o
                0x08009ea4                bn::blending::set_fade_alpha(bn::fixed_t<12>)
 .text._ZN2bn13ostringstream11append_argsINS_7fixed_tILi12EEEJA4_cS3_EEEvRKT_DpRKT0_.isra.0
                0x08009f34       0xb4 bn_display_manager.o
 .text._ZN3_bn6assert9show_argsIJA24_cN2bn7fixed_tILi12EEEA4_cS5_EEEvPKcS8_S8_iDpRKT_
                0x08009fe8       0x58 bn_display_manager.o
                0x08009fe8                void _bn::assert::show_args<char [24], bn::fixed_t<12>, char [4], bn::fixed_t<12> >(char const*, char const*, char const*, int, char const (&) [24], bn::fixed_t<12> const&, char const (&) [4], bn::fixed_t<12> const&)
 .text._ZN2bn11rect_window14set_boundariesENS_7fixed_tILi12EEES2_S2_S2_
                0x0800a040       0xdc bn_display_manager.o
                0x0800a040                bn::rect_window::set_boundaries(bn::fixed_t<12>, bn::fixed_t<12>, bn::fixed_t<12>, bn::fixed_t<12>)
 .text._ZN2bn12gpio_manager5sleepEv
                0x0800a11c       0x28 bn_gpio_manager.o
                0x0800a11c                bn::gpio_manager::sleep()
 .text._ZN2bn22hblank_effects_manager12_GLOBAL__N_19item_type18_output_values_ptrEv
                0x0800a144       0x40 bn_hblank_effects_manager.o
 .text._ZN2bn22backdrop_color_hbe_ptr17reload_colors_refEv
                0x0800a184       0x2c bn_hblank_effects_manager.o
                0x0800a184                bn::backdrop_color_hbe_ptr::reload_colors_ref()
 .text._ZN2bn22hblank_effects_manager7disableEv
                0x0800a1b0       0x24 bn_hblank_effects_manager.o
                0x0800a1b0                bn::hblank_effects_manager::disable()
 .text._ZN2bn22hblank_effects_manager4stopEv
                0x0800a1d4       0x38 bn_hblank_effects_manager.o
                0x0800a1d4                bn::hblank_effects_manager::stop()
 .text._ZN2bn22hblank_effects_manager6commitEv
                0x0800a20c       0x8c bn_hblank_effects_manager.o
                0x0800a20c                bn::hblank_effects_manager::commit()
 .text._ZN2bn22hblank_effects_manager12_GLOBAL__N_1L10_is_uint32ENS0_12handler_typeE
                0x0800a298       0x64 bn_hblank_effects_manager.o
 .text._ZN2bn22hblank_effects_manager12_GLOBAL__N_19item_type7cleanupEv
                0x0800a2fc       0xa0 bn_hblank_effects_manager.o
 .text._ZN2bn22hblank_effects_manager12_GLOBAL__N_1L26_update_visible_item_indexEi
                0x0800a39c       0x98 bn_hblank_effects_manager.o
 .text._ZN3_bn6assert9show_argsIA42_cEEvPKcS4_S4_iRKT_
                0x0800a434       0x48 bn_hblank_effects_manager.o
                0x0800a434                void _bn::assert::show_args<char [42]>(char const*, char const*, char const*, int, char const (&) [42])
 .text._ZN2bn22hblank_effects_manager12_GLOBAL__N_19item_type12check_updateEv
                0x0800a47c     0x15d0 bn_hblank_effects_manager.o
 .text._ZN2bn22hblank_effects_manager6updateEv
                0x0800ba4c      0x1ec bn_hblank_effects_manager.o
                0x0800ba4c                bn::hblank_effects_manager::update()
 .text._ZN3_bn6assert9show_argsIA34_cEEvPKcS4_S4_iRKT_
                0x0800bc38       0x48 bn_hblank_effects_manager.o
                0x0800bc38                void _bn::assert::show_args<char [34]>(char const*, char const*, char const*, int, char const (&) [34])
 .text._ZN2bn22hblank_effects_manager12_GLOBAL__N_1L7_createEPKviNS0_12handler_typeEb
                0x0800bc80      0x268 bn_hblank_effects_manager.o
 .text._ZN2bn22backdrop_color_hbe_ptr6createERKNS_4spanIKNS_5colorEEE
                0x0800bee8       0x64 bn_hblank_effects_manager.o
                0x0800bee8                bn::backdrop_color_hbe_ptr::create(bn::span<bn::color const> const&)
 .text._ZN2bn22hblank_effects_manager4initEv
                0x0800bf4c      0x180 bn_hblank_effects_manager.o
                0x0800bf4c                bn::hblank_effects_manager::init()
 .text._ZN2bn22hblank_effects_manager15decrease_usagesEi.part.0
                0x0800c0cc      0x160 bn_hblank_effects_manager.o
 .text._ZN2bn7hbe_ptrD2Ev
                0x0800c22c       0x34 bn_hblank_effects_manager.o
                0x0800c22c                bn::hbe_ptr::~hbe_ptr()
                0x0800c22c                bn::hbe_ptr::~hbe_ptr()
 .text.startup._GLOBAL__sub_I__ZN2bn4hbes10used_countEv
                0x0800c260       0x14 bn_hblank_effects_manager.o
 .text._ZN2bn12hdma_manager4initEv
                0x0800c274       0x38 bn_hdma_manager.o
                0x0800c274                bn::hdma_manager::init()
 .text._ZN2bn12hdma_manager10force_stopEv
                0x0800c2ac       0x5c bn_hdma_manager.o
                0x0800c2ac                bn::hdma_manager::force_stop()
 .text._ZN2bn12hdma_manager7disableEv
                0x0800c308       0x48 bn_hdma_manager.o
                0x0800c308                bn::hdma_manager::disable()
 .text._ZN2bn12hdma_manager6updateEv
                0x0800c350       0x6c bn_hdma_manager.o
                0x0800c350                bn::hdma_manager::update()
 .text._ZN2bn12hdma_manager24commit_interrupt_handlerEv
                0x0800c3bc       0x20 bn_hdma_manager.o
                0x0800c3bc                bn::hdma_manager::commit_interrupt_handler()
 .text._ZN2bn12hdma_manager14commit_entriesEb
                0x0800c3dc      0x168 bn_hdma_manager.o
                0x0800c3dc                bn::hdma_manager::commit_entries(bool)
 .text._ZN2bn6keypad9a_pressedEv
                0x0800c544       0x10 bn_keypad_manager.o
                0x0800c544                bn::keypad::a_pressed()
 .text._ZN2bn6keypad13start_pressedEv
                0x0800c554       0x10 bn_keypad_manager.o
                0x0800c554                bn::keypad::start_pressed()
 .text._ZN2bn6keypad10up_pressedEv
                0x0800c564       0x10 bn_keypad_manager.o
                0x0800c564                bn::keypad::up_pressed()
 .text._ZN2bn6keypad12down_pressedEv
                0x0800c574        0xc bn_keypad_manager.o
                0x0800c574                bn::keypad::down_pressed()
 .text._ZN2bn6keypad11any_pressedEv
                0x0800c580       0x10 bn_keypad_manager.o
                0x0800c580                bn::keypad::any_pressed()
 .text._ZN2bn14keypad_manager4stopEv
                0x0800c590        0x4 bn_keypad_manager.o
                0x0800c590                bn::keypad_manager::stop()
 .text._ZN2bn14keypad_manager6updateEv
                0x0800c594       0xb8 bn_keypad_manager.o
                0x0800c594                bn::keypad_manager::update()
 .text._ZN2bn14keypad_manager4initERKNS_11string_viewE
                0x0800c64c       0x64 bn_keypad_manager.o
                0x0800c64c                bn::keypad_manager::init(bn::string_view const&)
 .text._ZN2bn12link_manager4initEv
                0x0800c6b0        0xc bn_link_manager.o
                0x0800c6b0                bn::link_manager::init()
 .text._ZN2bn12link_manager6activeEv
                0x0800c6bc        0xc bn_link_manager.o
                0x0800c6bc                bn::link_manager::active()
 .text._ZN2bn12link_manager7disableEv
                0x0800c6c8       0x18 bn_link_manager.o
                0x0800c6c8                bn::link_manager::disable()
 .text._ZN2bn12link_manager6commitEv
                0x0800c6e0       0x18 bn_link_manager.o
                0x0800c6e0                bn::link_manager::commit()
 .text._ZdlPvj  0x0800c6f8       0x14 bn_memory_manager.o
                0x0800c6f8                operator delete(void*, unsigned int)
 .text._ZN3_bn6memory23unsafe_clear_half_wordsEiPv
                0x0800c70c       0x14 bn_memory_manager.o
                0x0800c70c                _bn::memory::unsafe_clear_half_words(int, void*)
 .text._ZN3_bn6memory18unsafe_clear_wordsEiPv
                0x0800c720       0x14 bn_memory_manager.o
                0x0800c720                _bn::memory::unsafe_clear_words(int, void*)
 .text._ZN2bn4freeEPv
                0x0800c734       0x14 bn_memory_manager.o
                0x0800c734                bn::free(void*)
 .text._ZN2bn14memory_manager4initEv
                0x0800c748       0x2c bn_memory_manager.o
                0x0800c748                bn::memory_manager::init()
 .text._ZN3_bn6assert9show_argsIA35_cjEEvPKcS4_S4_iRKT_RKT0_
                0x0800c774       0x54 bn_memory_manager.o
                0x0800c774                void _bn::assert::show_args<char [35], unsigned int>(char const*, char const*, char const*, int, char const (&) [35], unsigned int const&)
 .text._Znwj    0x0800c7c8       0x40 bn_memory_manager.o
                0x0800c7c8                operator new(unsigned int)
 .text._ZN2bn2hw8palettes9grayscaleEPKNS_5colorEiiPS2_.part.0
                0x0800c808       0x40 bn_palettes_manager.o
 .text._ZN2bn14bg_palette_ptrC2ERKS0_
                0x0800c848       0x28 bn_palettes_manager.o
                0x0800c848                bn::bg_palette_ptr::bg_palette_ptr(bn::bg_palette_ptr const&)
                0x0800c848                bn::bg_palette_ptr::bg_palette_ptr(bn::bg_palette_ptr const&)
 .text._ZNK2bn14bg_palette_ptr3bppEv
                0x0800c870       0x20 bn_palettes_manager.o
                0x0800c870                bn::bg_palette_ptr::bpp() const
 .text._ZN2bn18sprite_palette_ptrC2ERKS0_
                0x0800c890       0x1c bn_palettes_manager.o
                0x0800c890                bn::sprite_palette_ptr::sprite_palette_ptr(bn::sprite_palette_ptr const&)
                0x0800c890                bn::sprite_palette_ptr::sprite_palette_ptr(bn::sprite_palette_ptr const&)
 .text._ZNK2bn18sprite_palette_ptr3bppEv
                0x0800c8ac       0x1c bn_palettes_manager.o
                0x0800c8ac                bn::sprite_palette_ptr::bpp() const
 .text._ZNK2bn13palettes_bank10log_statusEv
                0x0800c8c8      0x178 bn_palettes_manager.o
                0x0800c8c8                bn::palettes_bank::log_status() const
 .text._ZN2bn13palettes_bank10find_bpp_4ERKNS_4spanIKNS_5colorEEEt
                0x0800ca40      0x118 bn_palettes_manager.o
                0x0800ca40                bn::palettes_bank::find_bpp_4(bn::span<bn::color const> const&, unsigned short)
 .text._ZN2bn13palettes_bank6reloadEi
                0x0800cb58       0x1c bn_palettes_manager.o
                0x0800cb58                bn::palettes_bank::reload(int)
 .text._ZN2bn13palettes_bank21set_transparent_colorERKNS_8optionalINS_5colorEEE
                0x0800cb74       0x40 bn_palettes_manager.o
                0x0800cb74                bn::palettes_bank::set_transparent_color(bn::optional<bn::color> const&)
 .text._ZNK2bn13palettes_bank20retrieve_commit_dataEv
                0x0800cbb4       0x4c bn_palettes_manager.o
                0x0800cbb4                bn::palettes_bank::retrieve_commit_data() const
 .text._ZNK2bn13palettes_bank7palette13apply_effectsEiPNS_5colorE
                0x0800cc00       0xb0 bn_palettes_manager.o
                0x0800cc00                bn::palettes_bank::palette::apply_effects(int, bn::color*) const
 .text._ZN2bn13palettes_bank15_update_paletteEi
                0x0800ccb0       0x70 bn_palettes_manager.o
                0x0800ccb0                bn::palettes_bank::_update_palette(int)
 .text._ZN2bn16palettes_manager4initERKNS_8optionalINS_5colorEEE
                0x0800cd20      0x16c bn_palettes_manager.o
                0x0800cd20                bn::palettes_manager::init(bn::optional<bn::color> const&)
 .text._ZN2bn16palettes_manager20sprite_palettes_bankEv
                0x0800ce8c        0x8 bn_palettes_manager.o
                0x0800ce8c                bn::palettes_manager::sprite_palettes_bank()
 .text._ZN2bn16palettes_manager16bg_palettes_bankEv
                0x0800ce94        0x8 bn_palettes_manager.o
                0x0800ce94                bn::palettes_manager::bg_palettes_bank()
 .text._ZN2bn16palettes_manager6commitEb
                0x0800ce9c       0xf8 bn_palettes_manager.o
                0x0800ce9c                bn::palettes_manager::commit(bool)
 .text._ZN2bn16palettes_manager4stopEv
                0x0800cf94       0x20 bn_palettes_manager.o
                0x0800cf94                bn::palettes_manager::stop()
 .text._ZN3_bn6assert9show_argsIA35_cEEvPKcS4_S4_iRKT_
                0x0800cfb4       0x48 bn_palettes_manager.o
                0x0800cfb4                void _bn::assert::show_args<char [35]>(char const*, char const*, char const*, int, char const (&) [35])
 .text._ZN2bn13palettes_bank11colors_hashERKNS_4spanIKNS_5colorEEE
                0x0800cffc       0x48 bn_palettes_manager.o
                0x0800cffc                bn::palettes_bank::colors_hash(bn::span<bn::color const> const&)
 .text._ZN3_bn6assert9show_argsIJA43_ciA38_cA42_cEEEvPKcS6_S6_iDpRKT_
                0x0800d044       0x64 bn_palettes_manager.o
                0x0800d044                void _bn::assert::show_args<char [43], int, char [38], char [42]>(char const*, char const*, char const*, int, char const (&) [43], int const&, char const (&) [38], char const (&) [42])
 .text._ZN2bn13palettes_bank12create_bpp_8ERKNS_4spanIKNS_5colorEEENS_16compression_typeEb
                0x0800d0a8      0x230 bn_palettes_manager.o
                0x0800d0a8                bn::palettes_bank::create_bpp_8(bn::span<bn::color const> const&, bn::compression_type, bool)
 .text._ZNK2bn13palettes_bank21_apply_global_effectsEiPNS_5colorE
                0x0800d2d8      0x190 bn_palettes_manager.o
                0x0800d2d8                bn::palettes_bank::_apply_global_effects(int, bn::color*) const
 .text._ZN2bn13palettes_bank6updateEv
                0x0800d468      0x138 bn_palettes_manager.o
                0x0800d468                bn::palettes_bank::update()
 .text._ZN2bn16palettes_manager6updateEv
                0x0800d5a0       0x20 bn_palettes_manager.o
                0x0800d5a0                bn::palettes_manager::update()
 .text._ZNK2bn13palettes_bank25fill_hblank_effect_colorsEiPKNS_5colorEPt
                0x0800d5c0       0x44 bn_palettes_manager.o
                0x0800d5c0                bn::palettes_bank::fill_hblank_effect_colors(int, bn::color const*, unsigned short*) const
 .text._ZNK2bn13palettes_bank25fill_hblank_effect_colorsEPKNS_5colorEPt
                0x0800d604       0x30 bn_palettes_manager.o
                0x0800d604                bn::palettes_bank::fill_hblank_effect_colors(bn::color const*, unsigned short*) const
 .text._ZNK2bn19sprite_palette_item10decompressENS_4spanINS_5colorEEE
                0x0800d634      0x168 bn_palettes_manager.o
                0x0800d634                bn::sprite_palette_item::decompress(bn::span<bn::color>) const
 .text._ZNK2bn15bg_palette_item10decompressENS_4spanINS_5colorEEE
                0x0800d79c      0x168 bn_palettes_manager.o
                0x0800d79c                bn::bg_palette_item::decompress(bn::span<bn::color>) const
 .text._ZN2bn14iunordered_mapItsNS_15identity_hasherENS_8equal_toItEEE21insert_or_assign_hashEjOSt4pairIKtsE.isra.0
                0x0800d904      0x108 bn_palettes_manager.o
 .text._ZN2bn13palettes_bank12create_bpp_4ERKNS_4spanIKNS_5colorEEEtb
                0x0800da0c      0x164 bn_palettes_manager.o
                0x0800da0c                bn::palettes_bank::create_bpp_4(bn::span<bn::color const> const&, unsigned short, bool)
 .text._ZN2bn12_GLOBAL__N_1L12_create_implERKNS_15bg_palette_itemEb
                0x0800db70       0xa0 bn_palettes_manager.o
 .text._ZN2bn14bg_palette_ptr6createERKNS_15bg_palette_itemE
                0x0800dc10       0x54 bn_palettes_manager.o
                0x0800dc10                bn::bg_palette_ptr::create(bn::bg_palette_item const&)
 .text._ZN2bn12_GLOBAL__N_1L12_create_implERKNS_19sprite_palette_itemEb
                0x0800dc64       0x88 bn_palettes_manager.o
 .text._ZN2bn18sprite_palette_ptr6createERKNS_19sprite_palette_itemE
                0x0800dcec       0x48 bn_palettes_manager.o
                0x0800dcec                bn::sprite_palette_ptr::create(bn::sprite_palette_item const&)
 .text._ZN2bn13palettes_bank30_erase_bpp_4_indexes_map_indexEt
                0x0800dd34      0x1c4 bn_palettes_manager.o
                0x0800dd34                bn::palettes_bank::_erase_bpp_4_indexes_map_index(unsigned short)
 .text._ZN2bn13palettes_bank15decrease_usagesEi
                0x0800def8       0x80 bn_palettes_manager.o
                0x0800def8                bn::palettes_bank::decrease_usages(int)
 .text._ZN2bn14bg_palette_ptraSERKS0_
                0x0800df78       0x48 bn_palettes_manager.o
                0x0800df78                bn::bg_palette_ptr::operator=(bn::bg_palette_ptr const&)
 .text._ZN2bn14bg_palette_ptrD2Ev
                0x0800dfc0       0x20 bn_palettes_manager.o
                0x0800dfc0                bn::bg_palette_ptr::~bg_palette_ptr()
                0x0800dfc0                bn::bg_palette_ptr::~bg_palette_ptr()
 .text._ZN2bn18sprite_palette_ptrD2Ev
                0x0800dfe0       0x20 bn_palettes_manager.o
                0x0800dfe0                bn::sprite_palette_ptr::~sprite_palette_ptr()
                0x0800dfe0                bn::sprite_palette_ptr::~sprite_palette_ptr()
 .text._ZN2bn26sprite_affine_mats_manager12_GLOBAL__N_1L19_sprite_double_sizeILi32ELi16EEEbiiiii
                0x0800e000       0x80 bn_sprite_affine_mats_manager.o
 .text._ZN2bn26sprite_affine_mats_manager12_GLOBAL__N_1L19_sprite_double_sizeILi16ELi32EEEbiiiii
                0x0800e080       0x80 bn_sprite_affine_mats_manager.o
 .text._ZNK2bn26sprite_affine_mats_manager12_GLOBAL__N_19item_type18sprite_double_sizeEiRKNS_17sprite_shape_sizeE.isra.0
                0x0800e100      0x1b4 bn_sprite_affine_mats_manager.o
 .text._ZNK2bn21sprite_affine_mat_ptr15horizontal_flipEv
                0x0800e2b4       0x18 bn_sprite_affine_mats_manager.o
                0x0800e2b4                bn::sprite_affine_mat_ptr::horizontal_flip() const
 .text._ZNK2bn21sprite_affine_mat_ptr13vertical_flipEv
                0x0800e2cc       0x18 bn_sprite_affine_mats_manager.o
                0x0800e2cc                bn::sprite_affine_mat_ptr::vertical_flip() const
 .text._ZNK2bn21sprite_affine_mat_ptr16flipped_identityEv
                0x0800e2e4       0x14 bn_sprite_affine_mats_manager.o
                0x0800e2e4                bn::sprite_affine_mat_ptr::flipped_identity() const
 .text._ZN2bn26sprite_affine_mats_manager13attach_spriteEiRNS_24intrusive_list_node_typeE
                0x0800e2f8       0x2c bn_sprite_affine_mats_manager.o
                0x0800e2f8                bn::sprite_affine_mats_manager::attach_sprite(int, bn::intrusive_list_node_type&)
 .text._ZN2bn26sprite_affine_mats_manager18sprite_double_sizeEiRKNS_17sprite_shape_sizeE
                0x0800e324       0x54 bn_sprite_affine_mats_manager.o
                0x0800e324                bn::sprite_affine_mats_manager::sprite_double_size(int, bn::sprite_shape_size const&)
 .text._ZN2bn26sprite_affine_mats_manager6reloadEi
                0x0800e378       0x28 bn_sprite_affine_mats_manager.o
                0x0800e378                bn::sprite_affine_mats_manager::reload(int)
 .text._ZN2bn26sprite_affine_mats_manager20retrieve_commit_dataEv
                0x0800e3a0       0x3c bn_sprite_affine_mats_manager.o
                0x0800e3a0                bn::sprite_affine_mats_manager::retrieve_commit_data()
 .text._ZN3_bn6assert9show_argsIA37_cEEvPKcS4_S4_iRKT_
                0x0800e3dc       0x48 bn_sprite_affine_mats_manager.o
                0x0800e3dc                void _bn::assert::show_args<char [37]>(char const*, char const*, char const*, int, char const (&) [37])
 .text._ZN3_bn6assert9show_argsIA16_cEEvPKcS4_S4_iRKT_
                0x0800e424       0x48 bn_sprite_affine_mats_manager.o
                0x0800e424                void _bn::assert::show_args<char [16]>(char const*, char const*, char const*, int, char const (&) [16])
 .text._ZN2bn26sprite_affine_mats_manager15decrease_usagesEi.part.0
                0x0800e46c       0x70 bn_sprite_affine_mats_manager.o
 .text._ZN2bn21sprite_affine_mat_ptrD2Ev
                0x0800e4dc       0x34 bn_sprite_affine_mats_manager.o
                0x0800e4dc                bn::sprite_affine_mat_ptr::~sprite_affine_mat_ptr()
                0x0800e4dc                bn::sprite_affine_mat_ptr::~sprite_affine_mat_ptr()
 .text._ZN2bn26sprite_affine_mats_manager6updateEv
                0x0800e510      0x2a4 bn_sprite_affine_mats_manager.o
                0x0800e510                bn::sprite_affine_mats_manager::update()
 .text._ZN2bn26sprite_affine_mats_manager4initEPv
                0x0800e7b4      0x100 bn_sprite_affine_mats_manager.o
                0x0800e7b4                bn::sprite_affine_mats_manager::init(void*)
 .text._ZN2bn26sprite_affine_mats_manager14dettach_spriteEiRNS_24intrusive_list_node_typeE
                0x0800e8b4       0x4c bn_sprite_affine_mats_manager.o
                0x0800e8b4                bn::sprite_affine_mats_manager::dettach_sprite(int, bn::intrusive_list_node_type&)
 .text._ZN2bn15sprites_manager12_GLOBAL__N_1L32_always_update_indexes_to_commitERKNS_20sprites_manager_itemE
                0x0800e900       0x4c bn_sprites_manager.o
 .text._ZN2bn13ostringstream11append_argsIiJA4_ciEEEvRKT_DpRKT0_.isra.0
                0x0800e94c       0x24 bn_sprites_manager.o
 .text._ZN2bn15sprites_manager12_GLOBAL__N_1L23_update_item_dimensionsERNS_20sprites_manager_itemE
                0x0800e970       0xc0 bn_sprites_manager.o
 .text._ZN2bn10sprite_ptrC2ERKS0_
                0x0800ea30        0xc bn_sprites_manager.o
                0x0800ea30                bn::sprite_ptr::sprite_ptr(bn::sprite_ptr const&)
                0x0800ea30                bn::sprite_ptr::sprite_ptr(bn::sprite_ptr const&)
 .text._ZN2bn10sprite_ptr5set_yENS_7fixed_tILi12EEE
                0x0800ea3c       0x48 bn_sprites_manager.o
                0x0800ea3c                bn::sprite_ptr::set_y(bn::fixed_t<12>)
 .text._ZNK2bn10sprite_ptr8positionEv
                0x0800ea84        0x8 bn_sprites_manager.o
                0x0800ea84                bn::sprite_ptr::position() const
 .text._ZN2bn10sprite_ptr12set_positionENS_7fixed_tILi12EEES2_
                0x0800ea8c       0x70 bn_sprites_manager.o
                0x0800ea8c                bn::sprite_ptr::set_position(bn::fixed_t<12>, bn::fixed_t<12>)
 .text._ZN2bn10sprite_ptr12set_positionERKNS_13fixed_point_tILi12EEE
                0x0800eafc       0x80 bn_sprites_manager.o
                0x0800eafc                bn::sprite_ptr::set_position(bn::fixed_point_t<12> const&)
 .text._ZN2bn10sprite_ptr11set_visibleEb
                0x0800eb7c       0x6c bn_sprites_manager.o
                0x0800eb7c                bn::sprite_ptr::set_visible(bool)
 .text._ZN2bn15sprites_manager4initEv
                0x0800ebe8       0xcc bn_sprites_manager.o
                0x0800ebe8                bn::sprites_manager::init()
 .text._ZN2bn15sprites_manager5hw_idEPv
                0x0800ecb4        0x8 bn_sprites_manager.o
                0x0800ecb4                bn::sprites_manager::hw_id(void*)
 .text._ZN2bn15sprites_manager5shapeEPv
                0x0800ecbc        0x8 bn_sprites_manager.o
                0x0800ecbc                bn::sprites_manager::shape(void*)
 .text._ZN2bn15sprites_manager4sizeEPv
                0x0800ecc4        0x8 bn_sprites_manager.o
                0x0800ecc4                bn::sprites_manager::size(void*)
 .text._ZN2bn15sprites_manager10shape_sizeEPv
                0x0800eccc       0x14 bn_sprites_manager.o
                0x0800eccc                bn::sprites_manager::shape_size(void*)
 .text._ZN2bn15sprites_manager11hw_positionEPv
                0x0800ece0        0x4 bn_sprites_manager.o
                0x0800ece0                bn::sprites_manager::hw_position(void*)
 .text._ZN2bn15sprites_manager9view_modeEPv
                0x0800ece4        0xc bn_sprites_manager.o
                0x0800ece4                bn::sprites_manager::view_mode(void*)
 .text._ZN2bn15sprites_manager10affine_matEPv
                0x0800ecf0        0x4 bn_sprites_manager.o
                0x0800ecf0                bn::sprites_manager::affine_mat(void*)
 .text._ZN2bn15sprites_manager6reloadEPv
                0x0800ecf4       0x58 bn_sprites_manager.o
                0x0800ecf4                bn::sprites_manager::reload(void*)
 .text._ZN2bn15sprites_manager15reload_blendingEv
                0x0800ed4c       0xc4 bn_sprites_manager.o
                0x0800ed4c                bn::sprites_manager::reload_blending()
 .text._ZN2bn15sprites_manager39fill_hblank_effect_horizontal_positionsEPviPKNS_7fixed_tILi12EEEPt
                0x0800ee10       0x4c bn_sprites_manager.o
                0x0800ee10                bn::sprites_manager::fill_hblank_effect_horizontal_positions(void*, int, bn::fixed_t<12> const*, unsigned short*)
 .text._ZN2bn15sprites_manager37fill_hblank_effect_vertical_positionsEPviPKNS_7fixed_tILi12EEEPt
                0x0800ee5c       0x4c bn_sprites_manager.o
                0x0800ee5c                bn::sprites_manager::fill_hblank_effect_vertical_positions(void*, int, bn::fixed_t<12> const*, unsigned short*)
 .text._ZN2bn15sprites_manager35fill_hblank_effect_first_attributesEiNS_12sprite_shapeENS_8bpp_modeEiPKNS_23sprite_first_attributesEPt
                0x0800eea8       0xd4 bn_sprites_manager.o
                0x0800eea8                bn::sprites_manager::fill_hblank_effect_first_attributes(int, bn::sprite_shape, bn::bpp_mode, int, bn::sprite_first_attributes const*, unsigned short*)
 .text._ZN2bn15sprites_manager44fill_hblank_effect_regular_second_attributesEPviNS_11sprite_sizeEPKNS_32sprite_regular_second_attributesEPt
                0x0800ef7c       0x60 bn_sprites_manager.o
                0x0800ef7c                bn::sprites_manager::fill_hblank_effect_regular_second_attributes(void*, int, bn::sprite_size, bn::sprite_regular_second_attributes const*, unsigned short*)
 .text._ZN2bn15sprites_manager43fill_hblank_effect_affine_second_attributesEPviNS_11sprite_sizeEPKNS_31sprite_affine_second_attributesEPt
                0x0800efdc       0x58 bn_sprites_manager.o
                0x0800efdc                bn::sprites_manager::fill_hblank_effect_affine_second_attributes(void*, int, bn::sprite_size, bn::sprite_affine_second_attributes const*, unsigned short*)
 .text._ZN2bn15sprites_manager14update_camerasEv
                0x0800f034       0x20 bn_sprites_manager.o
                0x0800f034                bn::sprites_manager::update_cameras()
 .text._ZN2bn15sprites_manager23update_auto_double_sizeEPv
                0x0800f054       0x2c bn_sprites_manager.o
                0x0800f054                bn::sprites_manager::update_auto_double_size(void*)
 .text._ZN2bn15sprites_manager6commitEb
                0x0800f080       0xa4 bn_sprites_manager.o
                0x0800f080                bn::sprites_manager::commit(bool)
 .text._ZN3_bn6assert9show_argsIA54_cEEvPKcS4_S4_iRKT_
                0x0800f124       0x48 bn_sprites_manager.o
                0x0800f124                void _bn::assert::show_args<char [54]>(char const*, char const*, char const*, int, char const (&) [54])
 .text._ZN2bn14sprite_builder20set_blending_enabledEb
                0x0800f16c       0x3c bn_sprites_manager.o
                0x0800f16c                bn::sprite_builder::set_blending_enabled(bool)
 .text._ZN2bn10sprite_ptr20set_blending_enabledEb
                0x0800f1a8       0x98 bn_sprites_manager.o
                0x0800f1a8                bn::sprite_ptr::set_blending_enabled(bool)
 .text._ZNK2bn17sprite_shape_size6heightEv.isra.0
                0x0800f240       0xd0 bn_sprites_manager.o
 .text._ZNK2bn17sprite_shape_size5widthEv.isra.0
                0x0800f310       0xcc bn_sprites_manager.o
 .text._ZN2bn15sprites_manager12_GLOBAL__N_1L18_remove_affine_matERNS_20sprites_manager_itemE
                0x0800f3dc       0xe4 bn_sprites_manager.o
 .text._ZN2bn15sprites_manager42remove_identity_affine_mat_when_not_neededEPv
                0x0800f4c0        0xc bn_sprites_manager.o
                0x0800f4c0                bn::sprites_manager::remove_identity_affine_mat_when_not_needed(void*)
 .text._ZN2bn14sprite_builder15release_paletteEv
                0x0800f4cc       0x6c bn_sprites_manager.o
                0x0800f4cc                bn::sprite_builder::release_palette()
 .text._ZN2bn14sprite_builder13release_tilesEv
                0x0800f538       0x6c bn_sprites_manager.o
                0x0800f538                bn::sprite_builder::release_tiles()
 .text._ZN2bn15sprites_manager7paletteEPv
                0x0800f5a4       0x34 bn_sprites_manager.o
                0x0800f5a4                bn::sprites_manager::palette(void*)
 .text._ZN3_bn6assert9show_argsIA27_chEEvPKcS4_S4_iRKT_RKT0_
                0x0800f5d8       0x54 bn_sprites_manager.o
                0x0800f5d8                void _bn::assert::show_args<char [27], unsigned char>(char const*, char const*, char const*, int, char const (&) [27], unsigned char const&)
 .text._ZN2bn20sprites_manager_item13_builder_initERKNS_14sprite_builderE
                0x0800f62c      0x34c bn_sprites_manager.o
                0x0800f62c                bn::sprites_manager_item::_builder_init(bn::sprite_builder const&)
 .text._ZN2bn14sprite_builder11set_z_orderEi
                0x0800f978       0x48 bn_sprites_manager.o
                0x0800f978                bn::sprite_builder::set_z_order(int)
 .text._ZN2bn14sprite_builderC2ERKNS_17sprite_shape_sizeENS_16sprite_tiles_ptrENS_18sprite_palette_ptrE
                0x0800f9c0      0x288 bn_sprites_manager.o
                0x0800f9c0                bn::sprite_builder::sprite_builder(bn::sprite_shape_size const&, bn::sprite_tiles_ptr, bn::sprite_palette_ptr)
                0x0800f9c0                bn::sprite_builder::sprite_builder(bn::sprite_shape_size const&, bn::sprite_tiles_ptr, bn::sprite_palette_ptr)
 .text._ZN2bn14sprite_builder15set_bg_priorityEi
                0x0800fc48       0x38 bn_sprites_manager.o
                0x0800fc48                bn::sprite_builder::set_bg_priority(int)
 .text._ZN2bn15sprites_manager6updateEv
                0x0800fc80      0x140 bn_sprites_manager.o
                0x0800fc80                bn::sprites_manager::update()
 .text._ZN3_bn6assert9show_argsIJA27_ciA4_ciEEEvPKcS5_S5_iDpRKT_
                0x0800fdc0       0x58 bn_sprites_manager.o
                0x0800fdc0                void _bn::assert::show_args<char [27], int, char [4], int>(char const*, char const*, char const*, int, char const (&) [27], int const&, char const (&) [4], int const&)
 .text._ZN2bn15sprites_manager35fill_hblank_effect_third_attributesENS_17sprite_shape_sizeEPKNS_23sprite_third_attributesEPt
                0x0800fe18      0x2f0 bn_sprites_manager.o
                0x0800fe18                bn::sprites_manager::fill_hblank_effect_third_attributes(bn::sprite_shape_size, bn::sprite_third_attributes const*, unsigned short*)
 .text._ZN2bn14sorted_sprites6sorter6insertERNS_20sprites_manager_itemE
                0x08010108      0x170 bn_sprites_manager.o
                0x08010108                bn::sorted_sprites::sorter::insert(bn::sprites_manager_item&)
 .text._ZN2bn15sprites_manager6createERKNS_13fixed_point_tILi12EEERKNS_17sprite_shape_sizeEONS_16sprite_tiles_ptrEONS_18sprite_palette_ptrE
                0x08010278      0x1d0 bn_sprites_manager.o
                0x08010278                bn::sprites_manager::create(bn::fixed_point_t<12> const&, bn::sprite_shape_size const&, bn::sprite_tiles_ptr&&, bn::sprite_palette_ptr&&)
 .text._ZNK2bn11sprite_item13create_spriteENS_7fixed_tILi12EEES2_i
                0x08010448       0x44 bn_sprites_manager.o
                0x08010448                bn::sprite_item::create_sprite(bn::fixed_t<12>, bn::fixed_t<12>, int) const
 .text._ZNK2bn11sprite_item13create_spriteENS_7fixed_tILi12EEES2_
                0x0801048c       0x44 bn_sprites_manager.o
                0x0801048c                bn::sprite_item::create_sprite(bn::fixed_t<12>, bn::fixed_t<12>) const
 .text._ZN2bn15sprites_manager6createEONS_14sprite_builderE
                0x080104d0      0x17c bn_sprites_manager.o
                0x080104d0                bn::sprites_manager::create(bn::sprite_builder&&)
 .text._ZN2bn10sprite_ptr6createEONS_14sprite_builderE
                0x0801064c       0x14 bn_sprites_manager.o
                0x0801064c                bn::sprite_ptr::create(bn::sprite_builder&&)
 .text._ZN2bn15sprites_manager15set_bg_priorityEPvi
                0x08010660      0x148 bn_sprites_manager.o
                0x08010660                bn::sprites_manager::set_bg_priority(void*, int)
 .text._ZN2bn10sprite_ptr15set_bg_priorityEi
                0x080107a8       0x10 bn_sprites_manager.o
                0x080107a8                bn::sprite_ptr::set_bg_priority(int)
 .text._ZN2bn15sprites_manager15decrease_usagesEPv
                0x080107b8      0x17c bn_sprites_manager.o
                0x080107b8                bn::sprites_manager::decrease_usages(void*)
 .text._ZN2bn10sprite_ptrD2Ev
                0x08010934       0x18 bn_sprites_manager.o
                0x08010934                bn::sprite_ptr::~sprite_ptr()
                0x08010934                bn::sprite_ptr::~sprite_ptr()
 .text._ZN2bn10sprite_ptr11set_z_orderEi
                0x0801094c      0x14c bn_sprites_manager.o
                0x0801094c                bn::sprite_ptr::set_z_order(int)
 .text._ZN2bn12_GLOBAL__N_1L14_setup_builderERKNS_21sprite_text_generatorERNS_14sprite_builderE
                0x08010a98       0x68 bn_sprite_text_generator.o
 .text._ZN2bn21sprite_text_generator5_initEv
                0x08010b00      0x1b4 bn_sprite_text_generator.o
                0x08010b00                bn::sprite_text_generator::_init()
 .text._ZN2bn21sprite_text_generatorC2ERKNS_11sprite_fontE
                0x08010cb4       0x38 bn_sprite_text_generator.o
                0x08010cb4                bn::sprite_text_generator::sprite_text_generator(bn::sprite_font const&)
                0x08010cb4                bn::sprite_text_generator::sprite_text_generator(bn::sprite_font const&)
 .text._ZN3_bn6assert9show_argsIJA25_ciA4_ctEEEvPKcS5_S5_iDpRKT_
                0x08010cec       0x64 bn_sprite_text_generator.o
                0x08010cec                void _bn::assert::show_args<char [25], int, char [4], unsigned short>(char const*, char const*, char const*, int, char const (&) [25], int const&, char const (&) [4], unsigned short const&)
 .text._ZN2bn14utf8_characterC2ERKc
                0x08010d50      0x140 bn_sprite_text_generator.o
                0x08010d50                bn::utf8_character::utf8_character(char const&)
                0x08010d50                bn::utf8_character::utf8_character(char const&)
 .text._ZN2bn12_GLOBAL__N_1L15_graphics_indexEcRKNS_23utf8_characters_map_refEPKcRi.part.0
                0x08010e90       0x8c bn_sprite_text_generator.o
 .text._ZN3_bn6assert9show_argsIJA20_ccA9_cN2bn11string_viewEA2_cEEEvPKcS8_S8_iDpRKT_
                0x08010f1c       0x6c bn_sprite_text_generator.o
                0x08010f1c                void _bn::assert::show_args<char [20], char, char [9], bn::string_view, char [2]>(char const*, char const*, char const*, int, char const (&) [20], char const&, char const (&) [9], bn::string_view const&, char const (&) [2])
 .text._ZNK2bn21sprite_text_generator5widthERKNS_11string_viewE
                0x08010f88      0x238 bn_sprite_text_generator.o
                0x08010f88                bn::sprite_text_generator::width(bn::string_view const&) const
 .text._ZN3_bn6assert9show_argsIA55_cEEvPKcS4_S4_iRKT_
                0x080111c0       0x48 bn_sprite_text_generator.o
                0x080111c0                void _bn::assert::show_args<char [55]>(char const*, char const*, char const*, int, char const (&) [55])
 .text._ZN2bn12_GLOBAL__N_1L20_build_sprite_assertILNS_11sprite_sizeE2EEEPNS_4tileERKNS_21sprite_text_generatorERKNS_18sprite_palette_ptrERKNS_13fixed_point_tILi12EEERNS_7ivectorINS_10sprite_ptrEEE
                0x08011208      0x198 bn_sprite_text_generator.o
 .text._ZN2bn12_GLOBAL__N_1L20_build_sprite_assertILNS_11sprite_sizeE1EEEPNS_4tileERKNS_21sprite_text_generatorERKNS_18sprite_palette_ptrERKNS_13fixed_point_tILi12EEERNS_7ivectorINS_10sprite_ptrEEE
                0x080113a0      0x198 bn_sprite_text_generator.o
 .text._ZN2bn12_GLOBAL__N_1L9_generateILb0EEEbRKNS_21sprite_text_generatorERKNS_13fixed_point_tILi12EEERKNS_11string_viewERKNS_23utf8_characters_map_refEiibRNS_7ivectorINS_10sprite_ptrEEE.isra.0
                0x08011538     0x1164 bn_sprite_text_generator.o
 .text._ZNK2bn21sprite_text_generator8generateENS_7fixed_tILi12EEES2_RKNS_11string_viewERNS_7ivectorINS_10sprite_ptrEEE
                0x0801269c       0x40 bn_sprite_text_generator.o
                0x0801269c                bn::sprite_text_generator::generate(bn::fixed_t<12>, bn::fixed_t<12>, bn::string_view const&, bn::ivector<bn::sprite_ptr>&) const
 .text._ZNK2bn16sprite_tiles_ptr2idEv
                0x080126dc       0x18 bn_sprite_tiles_manager.o
                0x080126dc                bn::sprite_tiles_ptr::id() const
 .text._ZNK2bn16sprite_tiles_ptr11tiles_countEv
                0x080126f4       0x18 bn_sprite_tiles_manager.o
                0x080126f4                bn::sprite_tiles_ptr::tiles_count() const
 .text._ZN2bn20sprite_tiles_manager10log_statusEv
                0x0801270c      0x1ec bn_sprite_tiles_manager.o
                0x0801270c                bn::sprite_tiles_manager::log_status()
 .text._ZN2bn20sprite_tiles_manager19commit_uncompressedEb
                0x080128f8       0xc4 bn_sprite_tiles_manager.o
                0x080128f8                bn::sprite_tiles_manager::commit_uncompressed(bool)
 .text._ZN3_bn6assert9show_argsIJA44_cPKN2bn4tileEA4_cS6_EEEvPKcS9_S9_iDpRKT_
                0x080129bc       0x64 bn_sprite_tiles_manager.o
                0x080129bc                void _bn::assert::show_args<char [44], bn::tile const*, char [4], bn::tile const*>(char const*, char const*, char const*, int, char const (&) [44], bn::tile const* const&, char const (&) [4], bn::tile const* const&)
 .text._ZN3_bn6assert9show_argsIJA46_ciA4_cjEEEvPKcS5_S5_iDpRKT_
                0x08012a20       0x64 bn_sprite_tiles_manager.o
                0x08012a20                void _bn::assert::show_args<char [46], int, char [4], unsigned int>(char const*, char const*, char const*, int, char const (&) [46], int const&, char const (&) [4], unsigned int const&)
 .text._ZN2bn20sprite_tiles_manager12_GLOBAL__N_1L10_hw_commitEPKNS_4tileENS_16compression_typeEii
                0x08012a84       0x8c bn_sprite_tiles_manager.o
 .text._ZN2bn20sprite_tiles_manager17commit_compressedEv
                0x08012b10       0x5c bn_sprite_tiles_manager.o
                0x08012b10                bn::sprite_tiles_manager::commit_compressed()
 .text._ZN3_bn6assert9show_argsIJA28_cA15_cPKN2bn4tileEA16_ciA34_cNS4_11string_viewEEEEvPKcSC_SC_iDpRKT_
                0x08012b6c       0x7c bn_sprite_tiles_manager.o
                0x08012b6c                void _bn::assert::show_args<char [28], char [15], bn::tile const*, char [16], int, char [34], bn::string_view>(char const*, char const*, char const*, int, char const (&) [28], char const (&) [15], bn::tile const* const&, char const (&) [16], int const&, char const (&) [34], bn::string_view const&)
 .text._ZN3_bn6assert9show_argsIJA44_ciA34_cN2bn11string_viewEEEEvPKcS7_S7_iDpRKT_
                0x08012be8       0x64 bn_sprite_tiles_manager.o
                0x08012be8                void _bn::assert::show_args<char [44], int, char [34], bn::string_view>(char const*, char const*, char const*, int, char const (&) [44], int const&, char const (&) [34], bn::string_view const&)
 .text._ZN2bn20sprite_tiles_manager4initEv
                0x08012c4c      0x188 bn_sprite_tiles_manager.o
                0x08012c4c                bn::sprite_tiles_manager::init()
 .text._ZN2bn20sprite_tiles_manager12_GLOBAL__N_1L22_insert_to_commit_itemEiRNS1_9item_typeE.part.0
                0x08012dd4       0x64 bn_sprite_tiles_manager.o
 .text._ZN2bn20sprite_tiles_manager12_GLOBAL__N_1L17_insert_free_itemEiPt
                0x08012e38       0xcc bn_sprite_tiles_manager.o
 .text._ZN2bn20sprite_tiles_manager12_GLOBAL__N_1L16_erase_free_itemEi
                0x08012f04       0xe8 bn_sprite_tiles_manager.o
 .text._ZN2bn20sprite_tiles_manager12_GLOBAL__N_1L21_erase_to_commit_itemEiRNS1_9item_typeE.part.0
                0x08012fec       0xac bn_sprite_tiles_manager.o
 .text._ZN2bn20sprite_tiles_manager15decrease_usagesEi
                0x08013098      0x138 bn_sprite_tiles_manager.o
                0x08013098                bn::sprite_tiles_manager::decrease_usages(int)
 .text._ZN2bn16sprite_tiles_ptrD2Ev
                0x080131d0       0x18 bn_sprite_tiles_manager.o
                0x080131d0                bn::sprite_tiles_ptr::~sprite_tiles_ptr()
                0x080131d0                bn::sprite_tiles_ptr::~sprite_tiles_ptr()
 .text._ZN2bn20sprite_tiles_manager12_GLOBAL__N_1L10_find_implEPKNS_4tileENS_16compression_typeEi
                0x080131e8      0x288 bn_sprite_tiles_manager.o
 .text._ZN2bn20sprite_tiles_manager4vramEi
                0x08013470       0x3c bn_sprite_tiles_manager.o
                0x08013470                bn::sprite_tiles_manager::vram(int)
 .text._ZN2bn16sprite_tiles_ptr4vramEv
                0x080134ac       0x14 bn_sprite_tiles_manager.o
                0x080134ac                bn::sprite_tiles_ptr::vram()
 .text._ZN2bn20sprite_tiles_manager12_GLOBAL__N_1L21_erase_items_map_itemEPKNS_4tileE
                0x080134c0      0x1fc bn_sprite_tiles_manager.o
 .text._ZN2bn20sprite_tiles_manager12_GLOBAL__N_1L12_create_itemEiPKNS_4tileENS_16compression_typeEib
                0x080136bc      0x1d0 bn_sprite_tiles_manager.o
 .text._ZN2bn20sprite_tiles_manager12_GLOBAL__N_1L14_allocate_implEi
                0x0801388c      0x100 bn_sprite_tiles_manager.o
 .text._ZN2bn20sprite_tiles_manager8allocateEiNS_8bpp_modeE
                0x0801398c       0xc0 bn_sprite_tiles_manager.o
                0x0801398c                bn::sprite_tiles_manager::allocate(int, bn::bpp_mode)
 .text._ZN2bn16sprite_tiles_ptr8allocateEiNS_8bpp_modeE
                0x08013a4c       0x18 bn_sprite_tiles_manager.o
                0x08013a4c                bn::sprite_tiles_ptr::allocate(int, bn::bpp_mode)
 .text._ZN2bn20sprite_tiles_manager6updateEv
                0x08013a64      0x1a8 bn_sprite_tiles_manager.o
                0x08013a64                bn::sprite_tiles_manager::update()
 .text._ZN2bn20sprite_tiles_manager12_GLOBAL__N_1L12_create_implEPKNS_4tileENS_16compression_typeEi
                0x08013c0c      0x208 bn_sprite_tiles_manager.o
 .text._ZN2bn20sprite_tiles_manager12_GLOBAL__N_1L22_insert_items_map_itemEPKNS_4tileEi
                0x08013e14       0xc0 bn_sprite_tiles_manager.o
 .text._ZN2bn20sprite_tiles_manager6createERKNS_4spanIKNS_4tileEEENS_16compression_typeE
                0x08013ed4       0x94 bn_sprite_tiles_manager.o
                0x08013ed4                bn::sprite_tiles_manager::create(bn::span<bn::tile const> const&, bn::compression_type)
 .text._ZN2bn16sprite_tiles_ptr6createERKNS_17sprite_tiles_itemE